 ImageAna

 Timestamp is 4dc36303 (Fri May 06 10:54:59 2011)

 Preferred load address is 10000000

 Start         Length     Name                   Class
 0001:00000000 0004e3cfH .text                   CODE
 0001:0004e3d0 00003c6fH .text$x                 CODE
 0001:00052040 00000052H .text$yc                CODE
 0001:000520a0 0000000aH .text$yd                CODE
 0002:00000000 00000328H .idata$5                DATA
 0002:00000328 00000004H .CRT$XCA                DATA
 0002:0000032c 00000010H .CRT$XCU                DATA
 0002:0000033c 00000004H .CRT$XCZ                DATA
 0002:00000340 00000004H .CRT$XIA                DATA
 0002:00000344 00000004H .CRT$XIAA               DATA
 0002:00000348 00000004H .CRT$XIC                DATA
 0002:0000034c 00000004H .CRT$XIZ                DATA
 0002:00000350 00020153H .rdata                  DATA
 0002:000204a4 0000004fH .rdata$debug            DATA
 0002:000204f4 00000810H .rdata$r                DATA
 0002:00020d04 00000004H .rtc$IAA                DATA
 0002:00020d08 00000004H .rtc$IZZ                DATA
 0002:00020d0c 00000004H .rtc$TAA                DATA
 0002:00020d10 00000004H .rtc$TZZ                DATA
 0002:00020d18 00003ddcH .xdata$x                DATA
 0002:00024af4 00000000H ATL$__a                 DATA
 0002:00024af4 00000000H ATL$__z                 DATA
 0002:00024af4 00000078H .idata$2                DATA
 0002:00024b6c 00000014H .idata$3                DATA
 0002:00024b80 00000328H .idata$4                DATA
 0002:00024ea8 0000118eH .idata$6                DATA
 0002:00026040 000006e5H .edata                  DATA
 0003:00000000 000091d0H .data                   DATA
 0003:000091e0 000019f8H .bss                    DATA
 0004:00000000 00000030H IMAQVisionColorConstants DATA
 0005:00000000 00000193H MachineVisionStringData DATA
 0006:00000000 00000058H .rsrc$01                DATA
 0006:00000060 00000420H .rsrc$02                DATA

  Address         Publics by Value              Rva+Base       Lib:Object

 0000:00000000       ___safe_se_handler_table   00000000     <absolute>
 0000:00000000       ___safe_se_handler_count   00000000     <absolute>
 0000:00000000       __except_list              00000000     <absolute>
 0000:00009876       __ldused                   00009876     <absolute>
 0000:00009876       __fltused                  00009876     <absolute>
 0000:00000000       ___ImageBase               10000000     <linker-defined>
 0001:00000000       _enlog2_init               10001000 f   enlog2static:enLog2.obj
 0001:00000060       _enlog2_finish             10001060 f   enlog2static:enLog2.obj
 0001:000000b0       _enlog2_set_level          100010b0 f   enlog2static:enLog2.obj
 0001:000000c0       _format_prefix             100010c0 f   enlog2static:enLog2.obj
 0001:00000180       _enlog2_log1               10001180 f   enlog2static:enLog2.obj
 0001:00000200       _LOG_INFO                  10001200 f   enlog2static:enLog2.obj
 0001:00000220       _LOG_DEBUG                 10001220 f   enlog2static:enLog2.obj
 0001:00000250       _LOG_WARNING               10001250 f   enlog2static:enLog2.obj
 0001:00000280       _LOG_ERROR                 10001280 f   enlog2static:enLog2.obj
 0001:000002b0       _LOG_FATAL                 100012b0 f   enlog2static:enLog2.obj
 0001:000002e0       ??0bad_alloc@std@@QAE@PBD@Z 100012e0 f i DataStat.obj
 0001:00000340       ??1bad_alloc@std@@UAE@XZ   10001340 f i DataStat.obj
 0001:00000390       ??_Gbad_alloc@std@@UAEPAXI@Z 10001390 f i DataStat.obj
 0001:00000390       ??_Ebad_alloc@std@@UAEPAXI@Z 10001390 f i DataStat.obj
 0001:00000400       ??2@YAPAXIPAX@Z            10001400 f i DataStat.obj
 0001:00000410       ??0_Aux_cont@std@@QAE@QBV_Container_base_aux@1@@Z 10001410 f i DataStat.obj
 0001:00000420       ??3@YAXPAX0@Z              10001420 f i DataStat.obj
 0001:00000420       ?SetMyError@@YAXPB_W@Z     10001420 f i IAMain.obj
 0001:00000420       ??1_Container_base_aux@std@@QAE@XZ 10001420 f i DataStat.obj
 0001:00000420       ?ClearMyError@@YAXXZ       10001420 f i IAMain.obj
 0001:00000430       ??0_Iterator_base_aux@std@@QAE@XZ 10001430 f i DataStat.obj
 0001:00000430       ??0?$_Ranit@NHPBNABN@std@@QAE@XZ 10001430 f i PolygonNIFloat.obj
 0001:00000440       ?_Set_container@_Iterator_base_aux@std@@QAEXQBV_Container_base_aux@2@@Z 10001440 f i DataStat.obj
 0001:00000450       ?_Getmycont@_Iterator_base_aux@std@@QBEPBV_Container_base_aux@2@XZ 10001450 f i DataStat.obj
 0001:00000460       ?_Same_container@_Iterator_base_aux@std@@QBE_NABV12@@Z 10001460 f i DataStat.obj
 0001:00000480       ?_Has_container@_Iterator_base_aux@std@@QBE_NXZ 10001480 f i DataStat.obj
 0001:00000490       ??0logic_error@std@@QAE@ABV?$basic_string@DU?$char_traits@D@std@@V?$allocator@D@2@@1@@Z 10001490 f i DataStat.obj
 0001:00000500       ??1logic_error@std@@UAE@XZ 10001500 f i DataStat.obj
 0001:00000560       ??_Glogic_error@std@@UAEPAXI@Z 10001560 f i DataStat.obj
 0001:00000560       ??_Elogic_error@std@@UAEPAXI@Z 10001560 f i DataStat.obj
 0001:00000580       ??0length_error@std@@QAE@ABV?$basic_string@DU?$char_traits@D@std@@V?$allocator@D@2@@1@@Z 10001580 f i DataStat.obj
 0001:000005e0       ??1length_error@std@@UAE@XZ 100015e0 f i DataStat.obj
 0001:00000630       ??_Elength_error@std@@UAEPAXI@Z 10001630 f i DataStat.obj
 0001:00000630       ??_Glength_error@std@@UAEPAXI@Z 10001630 f i DataStat.obj
 0001:00000690       ?_Xlen@?$vector@HV?$allocator@H@std@@@std@@KAXXZ 10001690 f i DataStat.obj
 0001:00000690       ?_Xlen@?$vector@U?$pair@Upoint@@U1@@std@@V?$allocator@U?$pair@Upoint@@U1@@std@@@2@@std@@KAXXZ 10001690 f i IACalcDiameter.obj
 0001:00000690       ?_Xlen@?$vector@V?$vector@Upoint@@V?$allocator@Upoint@@@std@@@std@@V?$allocator@V?$vector@Upoint@@V?$allocator@Upoint@@@std@@@std@@@2@@std@@KAXXZ 10001690 f i IACalcThreadDamage.obj
 0001:00000690       ?_Xlen@?$vector@UPointFloat_struct@@V?$allocator@UPointFloat_struct@@@std@@@std@@KAXXZ 10001690 f i IACalcTeeth.obj
 0001:00000690       ?_Xlen@?$vector@MV?$allocator@M@std@@@std@@KAXXZ 10001690 f i IAFindShape.obj
 0001:00000690       ?_Xlen@?$vector@Upoint@@V?$allocator@Upoint@@@std@@@std@@KAXXZ 10001690 f i IACalcThreadDamage.obj
 0001:00000690       ?_Xlen@?$vector@NV?$allocator@N@std@@@std@@KAXXZ 10001690 f i PolygonNIFloat.obj
 0001:000006f0       ??0logic_error@std@@QAE@ABV01@@Z 100016f0 f i DataStat.obj
 0001:00000760       ??0bad_alloc@std@@QAE@ABV01@@Z 10001760 f i DataStat.obj
 0001:000007c0       ?allocate@?$allocator@V_Aux_cont@std@@@std@@QAEPAV_Aux_cont@2@I@Z 100017c0 f i DataStat.obj
 0001:000007c0       ?allocate@?$allocator@H@std@@QAEPAHI@Z 100017c0 f i DataStat.obj
 0001:000007c0       ?allocate@?$allocator@M@std@@QAEPAMI@Z 100017c0 f i IAFindShape.obj
 0001:00000810       ??0length_error@std@@QAE@ABV01@@Z 10001810 f i DataStat.obj
 0001:00000870       ??H?$_Vector_iterator@HV?$allocator@H@std@@@std@@QBE?AV01@H@Z 10001870 f i DataStat.obj
 0001:000008c0       ??$fill@PAHH@std@@YAXPAH0ABH@Z 100018c0 f i DataStat.obj
 0001:000008e0       ??$_Umove@PAH@?$vector@HV?$allocator@H@std@@@std@@IAEPAHPAH00@Z 100018e0 f i DataStat.obj
 0001:000008e0       ??$_Umove@PAM@?$vector@MV?$allocator@M@std@@@std@@IAEPAMPAM00@Z 100018e0 f i IAFindShape.obj
 0001:00000920       ?_Ufill@?$vector@HV?$allocator@H@std@@@std@@IAEPAHPAHIABH@Z 10001920 f i DataStat.obj
 0001:00000950       ?_Insert_n@?$vector@HV?$allocator@H@std@@@std@@IAEXV?$_Vector_const_iterator@HV?$allocator@H@std@@@2@IABH@Z 10001950 f i DataStat.obj
 0001:00000b70       ?insert@?$vector@HV?$allocator@H@std@@@std@@QAE?AV?$_Vector_iterator@HV?$allocator@H@std@@@2@V?$_Vector_const_iterator@HV?$allocator@H@std@@@2@ABH@Z 10001b70 f i DataStat.obj
 0001:00000c30       ?push_back@?$vector@HV?$allocator@H@std@@@std@@QAEXABH@Z 10001c30 f i DataStat.obj
 0001:00000ca0       _DllMain@12                10001ca0 f   dllmain.obj
 0001:00001390       ?md5_update@@YAXPAUMD5_CTX@@PAEI@Z 10002390 f   encrypt.obj
 0001:00001450       ?md5_final@@YAXQAEPAUMD5_CTX@@@Z 10002450 f   encrypt.obj
 0001:00001530       ?encrypt_md5_key@@YAPADPAD@Z 10002530 f   encrypt.obj
 0001:00001780       ?RetrieveMACAddress@@YA?AW4RETVALUE@@QAE@Z 10002780 f   encrypt.obj
 0001:00001860       ??$_Pow_int@M@@YAMMH@Z     10002860 f i encrypt.obj
 0001:000018f0       ?CharToInt@@YAHPADHH@Z     100028f0 f   encrypt.obj
 0001:00001980       _MakeNumber                10002980 f   encrypt.obj
 0001:00001a50       _match_sn                  10002a50 f   encrypt.obj
 0001:00001af0       ??1log_entry@@QAE@XZ       10002af0 f i IACalcAngle.obj
 0001:00001b10       ??0point@@QAE@XZ           10002b10 f i IACalcAngle.obj
 0001:00001b20       ??0shadow_image@@QAE@PAUImage_struct@@@Z 10002b20 f i IACalcAngle.obj
 0001:00001b50       ??1shadow_image@@QAE@XZ    10002b50 f i IACalcAngle.obj
 0001:00001b80       ?get_point_on_circle@@YA?AUPointFloat_struct@@PBU1@MM@Z 10002b80 f   IACalcAngle.obj
 0001:00001c00       ?draw_tangent@@YAHPAUImage_struct@@PBUtrack_options@@@Z 10002c00 f   IACalcAngle.obj
 0001:00001ce0       ?find_edge_annulus@@YAPAUStraightEdgeReport_struct@@PAUImage_struct@@UAnnulus_struct@@_NW4RakeDirection_enum@@@Z 10002ce0 f   IACalcAngle.obj
 0001:00001f80       ??1?$RegisterDisposeBase@PAUStraightEdgeReport_struct@@@@UAE@XZ 10002f80 f i IACalcAngle.obj
 0001:00001fa0       ??_E?$RegisterDisposeBase@PAUStraightEdgeReport_struct@@@@UAEPAXI@Z 10002fa0 f i IACalcAngle.obj
 0001:00001fa0       ??_G?$RegisterDisposeBase@PAUStraightEdgeReport_struct@@@@UAEPAXI@Z 10002fa0 f i IACalcAngle.obj
 0001:00001fe0       ??0RegisterDisposeSER@@QAE@PAUStraightEdgeReport_struct@@@Z 10002fe0 f i IACalcAngle.obj
 0001:00002050       ??1RegisterDisposeSER@@UAE@XZ 10003050 f i IACalcAngle.obj
 0001:000020b0       ?get_angle@@YAHPAUImage_struct@@UAnnulus_struct@@PAM@Z 100030b0 f   IACalcAngle.obj
 0001:00002350       _IA_Calc_FindAngle         10003350 f   IACalcAngle.obj
 0001:000024b0       ??_GRegisterDisposeSER@@UAEPAXI@Z 100034b0 f i IACalcAngle.obj
 0001:000024b0       ??_ERegisterDisposeSER@@UAEPAXI@Z 100034b0 f i IACalcAngle.obj
 0001:000024d0       ??1?$RegisterDisposeBase@PAX@@UAE@XZ 100034d0 f i IACalcArea.obj
 0001:000024f0       ??_E?$RegisterDisposeBase@PAX@@UAEPAXI@Z 100034f0 f i IACalcArea.obj
 0001:000024f0       ??_G?$RegisterDisposeBase@PAX@@UAEPAXI@Z 100034f0 f i IACalcArea.obj
 0001:00002520       ??0RegisterDispose@@QAE@PAX@Z 10003520 f i IACalcArea.obj
 0001:00002590       ??1RegisterDispose@@UAE@XZ 10003590 f i IACalcArea.obj
 0001:000025f0       _IA_Calc_Area              100035f0 f   IACalcArea.obj
 0001:00002770       ??_GRegisterDispose@@UAEPAXI@Z 10003770 f i IACalcArea.obj
 0001:00002770       ??_ERegisterDispose@@UAEPAXI@Z 10003770 f i IACalcArea.obj
 0001:00002790       ?SpeckBits@@YAXPAEMHH@Z    10003790 f   IACalcCrack.obj
 0001:00002830       ?Shadow@@YAPAMPAEEHHH@Z    10003830 f   IACalcCrack.obj
 0001:000029c0       ?Kernel@@YAPAMEPAMH@Z      100039c0 f   IACalcCrack.obj
 0001:00002ae0       ?Diff@@YAPAMPAMH@Z         10003ae0 f   IACalcCrack.obj
 0001:00002c10       ?Judge@@YAMPAUImage_struct@@PAMHHUAnnulus_struct@@_NM@Z 10003c10 f   IACalcCrack.obj
 0001:00002ff0       ??1?$auto_array@M@@UAE@XZ  10003ff0 f i IACalcCrack.obj
 0001:00003010       ??_E?$auto_array@M@@UAEPAXI@Z 10004010 f i IACalcCrack.obj
 0001:00003010       ??_G?$auto_array@M@@UAEPAXI@Z 10004010 f i IACalcCrack.obj
 0001:00003050       _IA_Calc_FindCrack         10004050 f   IACalcCrack.obj
 0001:00003560       _IA_Calc_Cushion           10004560 f   IACalcCushion.obj
 0001:00003960       ?GetSafeIndex@@YAHHH@Z     10004960 f i IACalcDiameter.obj
 0001:00003980       ?detach@shadow_image@@QAEXXZ 10004980 f i IACalcDiameter.obj
 0001:000039a0       ?symmetric_point@@YA?AUpoint@@ABU1@0_NM@Z 100049a0 f i IACalcDiameter.obj
 0001:00003ae0       _IA_Calc_FindDiameter      10004ae0 f   IACalcDiameter.obj
 0001:00003dd0       ??A?$vector@U?$pair@Upoint@@U1@@std@@V?$allocator@U?$pair@Upoint@@U1@@std@@@2@@std@@QAEAAU?$pair@Upoint@@U1@@1@I@Z 10004dd0 f i IACalcDiameter.obj
 0001:00003e00       ?allocate@?$allocator@U?$pair@Upoint@@U1@@std@@@std@@QAEPAU?$pair@Upoint@@U1@@2@I@Z 10004e00 f i IACalcDiameter.obj
 0001:00003e50       ??$_Copy_opt@PAU?$pair@Upoint@@U1@@std@@PAU12@@std@@YAPAU?$pair@Upoint@@U1@@0@PAU10@00Urandom_access_iterator_tag@0@U_Nonscalar_ptr_iterator_tag@0@U_Range_checked_iterator_tag@0@@Z 10004e50 f i IACalcDiameter.obj
 0001:00003ea0       ??$_Copy_backward_opt@PAU?$pair@Upoint@@U1@@std@@PAU12@@std@@YAPAU?$pair@Upoint@@U1@@0@PAU10@00Urandom_access_iterator_tag@0@U_Nonscalar_ptr_iterator_tag@0@U_Range_checked_iterator_tag@0@@Z 10004ea0 f i IACalcDiameter.obj
 0001:00003f00       ??$_Construct@U?$pair@Upoint@@U1@@std@@U12@@std@@YAXPAU?$pair@Upoint@@U1@@0@ABU10@@Z 10004f00 f i IACalcDiameter.obj
 0001:00003f70       ??$unchecked_copy@PAUpoint@@PAU1@@stdext@@YAPAUpoint@@PAU1@00@Z 10004f70 f i IACalcDiameter.obj
 0001:00003fb0       ??$fill@PAU?$pair@Upoint@@U1@@std@@U12@@std@@YAXPAU?$pair@Upoint@@U1@@0@0ABU10@@Z 10004fb0 f i IACalcDiameter.obj
 0001:00003ff0       ?construct@?$allocator@U?$pair@Upoint@@U1@@std@@@std@@QAEXPAU?$pair@Upoint@@U1@@2@ABU32@@Z 10004ff0 f i IACalcDiameter.obj
 0001:00004010       ??$_Uninit_copy@PAU?$pair@Upoint@@U1@@std@@PAU12@V?$allocator@U?$pair@Upoint@@U1@@std@@@2@@std@@YAPAU?$pair@Upoint@@U1@@0@PAU10@00AAV?$allocator@U?$pair@Upoint@@U1@@std@@@0@U_Nonscalar_ptr_iterator_tag@0@U_Range_checked_iterator_tag@0@@Z 10005010 f i IACalcDiameter.obj
 0001:000040a0       ??$_Unchecked_move_backward@PAU?$pair@Upoint@@U1@@std@@PAU12@@stdext@@YAPAU?$pair@Upoint@@U1@@std@@PAU12@00@Z 100050a0 f i IACalcDiameter.obj
 0001:000040d0       ??$_Uninit_fill_n@PAU?$pair@Upoint@@U1@@std@@IU12@V?$allocator@U?$pair@Upoint@@U1@@std@@@2@@std@@YAXPAU?$pair@Upoint@@U1@@0@IABU10@AAV?$allocator@U?$pair@Upoint@@U1@@std@@@0@U_Nonscalar_ptr_iterator_tag@0@U_Range_checked_iterator_tag@0@@Z 100050d0 f i IACalcDiameter.obj
 0001:00004150       ?erase@?$vector@U?$pair@Upoint@@U1@@std@@V?$allocator@U?$pair@Upoint@@U1@@std@@@2@@std@@QAE?AV?$_Vector_iterator@U?$pair@Upoint@@U1@@std@@V?$allocator@U?$pair@Upoint@@U1@@std@@@2@@2@V?$_Vector_const_iterator@U?$pair@Upoint@@U1@@std@@V?$allocator@U?$pair@Upoint@@U1@@std@@@2@@2@0@Z 10005150 f i IACalcDiameter.obj
 0001:000041e0       ?_Ufill@?$vector@U?$pair@Upoint@@U1@@std@@V?$allocator@U?$pair@Upoint@@U1@@std@@@2@@std@@IAEPAU?$pair@Upoint@@U1@@2@PAU32@IABU32@@Z 100051e0 f i IACalcDiameter.obj
 0001:00004220       ??$_Umove@PAU?$pair@Upoint@@U1@@std@@@?$vector@U?$pair@Upoint@@U1@@std@@V?$allocator@U?$pair@Upoint@@U1@@std@@@2@@std@@IAEPAU?$pair@Upoint@@U1@@1@PAU21@00@Z 10005220 f i IACalcDiameter.obj
 0001:00004250       ?_Insert_n@?$vector@U?$pair@Upoint@@U1@@std@@V?$allocator@U?$pair@Upoint@@U1@@std@@@2@@std@@IAEXV?$_Vector_const_iterator@U?$pair@Upoint@@U1@@std@@V?$allocator@U?$pair@Upoint@@U1@@std@@@2@@2@IABU?$pair@Upoint@@U1@@2@@Z 10005250 f i IACalcDiameter.obj
 0001:00004480       ?_Assign_n@?$vector@U?$pair@Upoint@@U1@@std@@V?$allocator@U?$pair@Upoint@@U1@@std@@@2@@std@@IAEXIABU?$pair@Upoint@@U1@@2@@Z 10005480 f i IACalcDiameter.obj
 0001:00004520       ?match_pairs@@YAXABV?$vector@Upoint@@V?$allocator@Upoint@@@std@@@std@@ABUpoint@@AAV?$vector@U?$pair@Upoint@@U1@@std@@V?$allocator@U?$pair@Upoint@@U1@@std@@@2@@2@_NM@Z 10005520 f   IACalcDiameter.obj
 0001:00004830       ?fill_color@@YAXHHHHPAUImage_struct@@PBURGBValue_struct@@@Z 10005830 f   IACalcDistance.obj
 0001:000048d0       ?preprocess@@YA_NAAVsub_image@@PAUImage_struct@@AAURect_struct@@PBURGBValue_struct@@HH@Z 100058d0 f   IACalcDistance.obj
 0001:00004a00       ?find_angle@@YA_NPAUImage_struct@@PBURect_struct@@PAURotatedRect_struct@@W4RakeDirection_enum@@H@Z 10005a00 f   IACalcDistance.obj
 0001:00004d20       _IA_Calc_FindDistance      10005d20 f   IACalcDistance.obj
 0001:000051d0       _IA_Calc_FillArea          100061d0 f   IACalcFillArea.obj
 0001:00005560       _IA_Calc_FindHead          10006560 f   IACalcHead.obj
 0001:00005820       ?init_hexagon_report@@YAHPAUHexagonReport@@@Z 10006820 f   IACalcHexagon.obj
 0001:00005880       ?Register@?$RegisterDisposeBase@PAUCircularEdgeReport_struct@@@@QAEXPAUCircularEdgeReport_struct@@@Z 10006880 f i IACalcHexagon.obj
 0001:00005880       ?Register@?$RegisterDisposeBase@PAX@@QAEXPAX@Z 10006880 f i IACalcHexagon.obj
 0001:000058a0       ?Dispose@?$RegisterDisposeBase@PAUCircularEdgeReport_struct@@@@QAEXXZ 100068a0 f i IACalcHexagon.obj
 0001:000058a0       ?Dispose@?$RegisterDisposeBase@PAX@@QAEXXZ 100068a0 f i IACalcArea.obj
 0001:000058c0       ??1?$RegisterDisposeBase@PAUCircularEdgeReport_struct@@@@UAE@XZ 100068c0 f i IACalcHexagon.obj
 0001:000058e0       ??_E?$RegisterDisposeBase@PAUCircularEdgeReport_struct@@@@UAEPAXI@Z 100068e0 f i IACalcHexagon.obj
 0001:000058e0       ??_G?$RegisterDisposeBase@PAUCircularEdgeReport_struct@@@@UAEPAXI@Z 100068e0 f i IACalcHexagon.obj
 0001:00005910       ??0RegisterDispose@@QAE@XZ 10006910 f i IACalcHexagon.obj
 0001:00005970       ??0RegisterDisposeCER@@QAE@PAUCircularEdgeReport_struct@@@Z 10006970 f i IACalcHexagon.obj
 0001:000059e0       ??1RegisterDisposeCER@@UAE@XZ 100069e0 f i IACalcHexagon.obj
 0001:00005a40       ??1?$auto_array@UPointFloat_struct@@@@UAE@XZ 10006a40 f i IACalcHexagon.obj
 0001:00005a60       ??1?$auto_array@PAUBestLine_struct@@@@UAE@XZ 10006a60 f i IACalcHexagon.obj
 0001:00005a80       ??_G?$auto_array@UPointFloat_struct@@@@UAEPAXI@Z 10006a80 f i IACalcHexagon.obj
 0001:00005a80       ??_E?$auto_array@UPointFloat_struct@@@@UAEPAXI@Z 10006a80 f i IACalcHexagon.obj
 0001:00005ac0       ??_G?$auto_array@PAUBestLine_struct@@@@UAEPAXI@Z 10006ac0 f i IACalcHexagon.obj
 0001:00005ac0       ??_E?$auto_array@PAUBestLine_struct@@@@UAEPAXI@Z 10006ac0 f i IACalcHexagon.obj
 0001:00005b00       ?Alloc@?$auto_array@UPointFloat_struct@@@@QAEHH@Z 10006b00 f i IACalcHexagon.obj
 0001:00005b60       ??_ERegisterDisposeCER@@UAEPAXI@Z 10006b60 f i IACalcHexagon.obj
 0001:00005b60       ??_GRegisterDisposeCER@@UAEPAXI@Z 10006b60 f i IACalcHexagon.obj
 0001:00005b80       ??0?$auto_array@UPointFloat_struct@@@@QAE@H@Z 10006b80 f i IACalcHexagon.obj
 0001:00005bb0       _IA_Calc_FindHexagon       10006bb0 f   IACalcHexagon.obj
 0001:00007380       ??_H@YGXPAXIHP6EPAX0@Z@Z   10008380 f i IACalcMarking.obj
 0001:000073c0       _IA_Calc_FindMarking       100083c0 f   IACalcMarking.obj
 0001:00007a20       _IA_Calc_Matching          10008a20 f   IACalcMatching.obj
 0001:00007ba0       _IA_Calc_FindNode          10008ba0 f   IACAlcNode.obj
 0001:00008170       ?switch_point@@YAXUPointFloat_struct@@AAU1@UAnnulus_struct@@M@Z 10009170 f   IACalcRingCrack.obj
 0001:000081e0       _IA_Calc_RingCrack         100091e0 f   IACalcRingCrack.obj
 0001:000084a0       ?init_square_report@@YAHPAUSquareReport@@@Z 100094a0 f   IACalcSquare.obj
 0001:000084f0       _IA_Calc_FindSquare        100094f0 f   IACalcSquare.obj
 0001:000091d0       _IA_Calc_FindStarving      1000a1d0 f   IACalcStarving.obj
 0001:000096b0       ?HelixAngle@@YAXPAUTeethReport@@@Z 1000a6b0 f   IACalcTeeth.obj
 0001:00009710       ?rotate@point@@QAEAAU1@ABU1@M@Z 1000a710 f i IACalcTeeth.obj
 0001:00009840       ?FitMidPoints@@YAXPAUImage_struct@@ABV?$vector@UPointFloat_struct@@V?$allocator@UPointFloat_struct@@@std@@@std@@1UPointFloat_struct@@2MAAM3@Z 1000a840 f   IACalcTeeth.obj
 0001:00009f20       ?SortPointsOfX@@YAXAAV?$vector@UPointFloat_struct@@V?$allocator@UPointFloat_struct@@@std@@@std@@@Z 1000af20 f   IACalcTeeth.obj
 0001:0000a060       ?get_inflexion@@YAHABV?$vector@UPointFloat_struct@@V?$allocator@UPointFloat_struct@@@std@@@std@@HAAUPointFloat_struct@@@Z 1000b060 f   IACalcTeeth.obj
 0001:0000a190       ?MinDistance@@YAMABV?$vector@UPointFloat_struct@@V?$allocator@UPointFloat_struct@@@std@@@std@@UPointFloat_struct@@1@Z 1000b190 f   IACalcTeeth.obj
 0001:0000a220       ?apply_bottom_diameter@@YAMABV?$vector@UPointFloat_struct@@V?$allocator@UPointFloat_struct@@@std@@@std@@0MMAAUPointFloat_struct@@1@Z 1000b220 f   IACalcTeeth.obj
 0001:0000a440       ?allocate@?$allocator@UPointFloat_struct@@@std@@QAEPAUPointFloat_struct@@I@Z 1000b440 f i IACalcTeeth.obj
 0001:0000a440       ?allocate@?$allocator@N@std@@QAEPANI@Z 1000b440 f i PolygonNIFloat.obj
 0001:0000a440       ?allocate@?$allocator@Upoint@@@std@@QAEPAUpoint@@I@Z 1000b440 f i IACalcThreadDamage.obj
 0001:0000a490       ?construct@?$allocator@UPointFloat_struct@@@std@@QAEXPAUPointFloat_struct@@ABU3@@Z 1000b490 f i IACalcTeeth.obj
 0001:0000a4b0       ??$_Uninit_copy@PAUPointFloat_struct@@PAU1@V?$allocator@UPointFloat_struct@@@std@@@std@@YAPAUPointFloat_struct@@PAU1@00AAV?$allocator@UPointFloat_struct@@@0@U_Nonscalar_ptr_iterator_tag@0@U_Range_checked_iterator_tag@0@@Z 1000b4b0 f i IACalcTeeth.obj
 0001:0000a540       ??1?$_Vector_val@UPointFloat_struct@@V?$allocator@UPointFloat_struct@@@std@@@std@@QAE@XZ 1000b540 f i IACalcTeeth.obj
 0001:0000a540       ??1?$_Vector_val@U?$pair@Upoint@@U1@@std@@V?$allocator@U?$pair@Upoint@@U1@@std@@@2@@std@@QAE@XZ 1000b540 f i Utilities.obj
 0001:0000a540       ??1?$_Vector_val@V?$vector@Upoint@@V?$allocator@Upoint@@@std@@@std@@V?$allocator@V?$vector@Upoint@@V?$allocator@Upoint@@@std@@@std@@@2@@std@@QAE@XZ 1000b540 f i IACalcThreadDamage.obj
 0001:0000a540       ??1?$_Vector_val@MV?$allocator@M@std@@@std@@QAE@XZ 1000b540 f i IAFindShape.obj
 0001:0000a540       ??1?$_Vector_val@Upoint@@V?$allocator@Upoint@@@std@@@std@@QAE@XZ 1000b540 f i IACalcThreadDamage.obj
 0001:0000a540       ??1?$_Vector_val@HV?$allocator@H@std@@@std@@QAE@XZ 1000b540 f i DataStat.obj
 0001:0000a540       ??1?$_Vector_val@NV?$allocator@N@std@@@std@@QAE@XZ 1000b540 f i PolygonNIFloat.obj
 0001:0000a590       ??$fill@PAUPointFloat_struct@@U1@@std@@YAXPAUPointFloat_struct@@0ABU1@@Z 1000b590 f i IACalcTeeth.obj
 0001:0000a590       ??$fill@PAV?$Point_@H@cv@@V12@@std@@YAXPAV?$Point_@H@cv@@0ABV12@@Z 1000b590 f i cxcore210:cxdrawing.obj
 0001:0000a5c0       ??$_Uninit_fill_n@PAUPointFloat_struct@@IU1@V?$allocator@UPointFloat_struct@@@std@@@std@@YAXPAUPointFloat_struct@@IABU1@AAV?$allocator@UPointFloat_struct@@@0@U_Nonscalar_ptr_iterator_tag@0@U_Range_checked_iterator_tag@0@@Z 1000b5c0 f i IACalcTeeth.obj
 0001:0000a640       ??$_Unchecked_move_backward@PAUPointFloat_struct@@PAU1@@stdext@@YAPAUPointFloat_struct@@PAU1@00@Z 1000b640 f i IACalcTeeth.obj
 0001:0000a640       ??$_Unchecked_move_backward@PAV?$Point_@H@cv@@PAV12@@stdext@@YAPAV?$Point_@H@cv@@PAV12@00@Z 1000b640 f i cxcore210:cxdrawing.obj
 0001:0000a680       ?_Ufill@?$vector@UPointFloat_struct@@V?$allocator@UPointFloat_struct@@@std@@@std@@IAEPAUPointFloat_struct@@PAU3@IABU3@@Z 1000b680 f i IACalcTeeth.obj
 0001:0000a6c0       ?erase@?$vector@UPointFloat_struct@@V?$allocator@UPointFloat_struct@@@std@@@std@@QAE?AV?$_Vector_iterator@UPointFloat_struct@@V?$allocator@UPointFloat_struct@@@std@@@2@V?$_Vector_const_iterator@UPointFloat_struct@@V?$allocator@UPointFloat_struct@@@std@@@2@@Z 1000b6c0 f i IACalcTeeth.obj
 0001:0000a720       ?erase@?$vector@UPointFloat_struct@@V?$allocator@UPointFloat_struct@@@std@@@std@@QAE?AV?$_Vector_iterator@UPointFloat_struct@@V?$allocator@UPointFloat_struct@@@std@@@2@V?$_Vector_const_iterator@UPointFloat_struct@@V?$allocator@UPointFloat_struct@@@std@@@2@0@Z 1000b720 f i IACalcTeeth.obj
 0001:0000a7c0       ??$_Umove@PAUPointFloat_struct@@@?$vector@UPointFloat_struct@@V?$allocator@UPointFloat_struct@@@std@@@std@@IAEPAUPointFloat_struct@@PAU2@00@Z 1000b7c0 f i IACalcTeeth.obj
 0001:0000a7f0       ?filter_same_points@@YAXAAV?$vector@UPointFloat_struct@@V?$allocator@UPointFloat_struct@@@std@@@std@@@Z 1000b7f0 f   IACalcTeeth.obj
 0001:0000a8f0       ?_Insert_n@?$vector@UPointFloat_struct@@V?$allocator@UPointFloat_struct@@@std@@@std@@IAEXV?$_Vector_const_iterator@UPointFloat_struct@@V?$allocator@UPointFloat_struct@@@std@@@2@IABUPointFloat_struct@@@Z 1000b8f0 f i IACalcTeeth.obj
 0001:0000ab20       ?insert@?$vector@UPointFloat_struct@@V?$allocator@UPointFloat_struct@@@std@@@std@@QAE?AV?$_Vector_iterator@UPointFloat_struct@@V?$allocator@UPointFloat_struct@@@std@@@2@V?$_Vector_const_iterator@UPointFloat_struct@@V?$allocator@UPointFloat_struct@@@std@@@2@ABUPointFloat_struct@@@Z 1000bb20 f i IACalcTeeth.obj
 0001:0000abe0       ?push_back@?$vector@UPointFloat_struct@@V?$allocator@UPointFloat_struct@@@std@@@std@@QAEXABUPointFloat_struct@@@Z 1000bbe0 f i IACalcTeeth.obj
 0001:0000ac60       ?MakeMidLine@@YAXPAUImage_struct@@AAV?$vector@UPointFloat_struct@@V?$allocator@UPointFloat_struct@@@std@@@std@@ABV23@UPointFloat_struct@@3M_N@Z 1000bc60 f   IACalcTeeth.obj
 0001:0000ae30       ?get_points_interested@@YAXPBUCurve_struct@@PBUinterested_options@@AAUinterested_report@@AAV?$vector@UPointFloat_struct@@V?$allocator@UPointFloat_struct@@@std@@@std@@33@Z 1000be30 f   IACalcTeeth.obj
 0001:0000b210       ?find_top_points@@YAXABV?$vector@UPointFloat_struct@@V?$allocator@UPointFloat_struct@@@std@@@std@@ABUPointFloat_struct@@1HAAV12@@Z 1000c210 f   IACalcTeeth.obj
 0001:0000b480       _IA_Calc_FindTeeth         1000c480 f   IACalcTeeth.obj
 0001:0000cc50       ??1dispose_ipl@@QAE@XZ     1000dc50 f i IACalcThreadDamage.obj
 0001:0000cc60       ?cvSize@@YA?AUCvSize@@HH@Z 1000dc60 f i IACalcThreadDamage.obj
 0001:0000cc60       ?cvPoint@@YA?AUCvPoint@@HH@Z 1000dc60 f i IACalcThreadDamage.obj
 0001:0000cc70       ?cvScalar@@YA?AUCvScalar@@NNNN@Z 1000dc70 f i IACalcThreadDamage.obj
 0001:0000cca0       ?GetExternalContour@CBlob@@QAEPAVCBlobContour@@XZ 1000dca0 f i IACalcThreadDamage.obj
 0001:0000ccb0       ?draw_defect@@YAXPAUImage_struct@@PBUPointFloat_struct@@PBURGBValue_struct@@H_N@Z 1000dcb0 f   IACalcThreadDamage.obj
 0001:0000cf90       ?get_points_safe@@YAXPAUpoint@@PBU1@HHH@Z 1000df90 f   IACalcThreadDamage.obj
 0001:0000d030       ??A?$vector@HV?$allocator@H@std@@@std@@QAEAAHI@Z 1000e030 f i IACalcThreadDamage.obj
 0001:0000d060       ?size@?$vector@PAVCBlob@@V?$allocator@PAVCBlob@@@std@@@std@@QBEIXZ 1000e060 f i IACalcThreadDamage.obj
 0001:0000d070       ??Y?$_Vector_const_iterator@V?$vector@Upoint@@V?$allocator@Upoint@@@std@@@std@@V?$allocator@V?$vector@Upoint@@V?$allocator@Upoint@@@std@@@std@@@2@@std@@QAEAAV01@H@Z 1000e070 f i IACalcThreadDamage.obj
 0001:0000d0d0       ?GetNumBlobs@CBlobResult@@QBEHXZ 1000e0d0 f i IACalcThreadDamage.obj
 0001:0000d0e0       ?judge_crack@@YAHVCBlobResult@@URect_struct@@AAUPointFloat_struct@@@Z 1000e0e0 f   IACalcThreadDamage.obj
 0001:0000d310       ??1?$auto_array@Upoint@@@@UAE@XZ 1000e310 f i IACalcThreadDamage.obj
 0001:0000d330       ??_G?$auto_array@Upoint@@@@UAEPAXI@Z 1000e330 f i IACalcThreadDamage.obj
 0001:0000d330       ??_E?$auto_array@Upoint@@@@UAEPAXI@Z 1000e330 f i IACalcThreadDamage.obj
 0001:0000d370       ?Alloc@?$auto_array@Upoint@@@@QAEHH@Z 1000e370 f i IACalcThreadDamage.obj
 0001:0000d430       ?allocate@?$allocator@V?$vector@Upoint@@V?$allocator@Upoint@@@std@@@std@@@std@@QAEPAV?$vector@Upoint@@V?$allocator@Upoint@@@std@@@2@I@Z 1000e430 f i IACalcThreadDamage.obj
 0001:0000d480       ??$_Construct@Upoint@@U1@@std@@YAXPAUpoint@@ABU1@@Z 1000e480 f i IACalcThreadDamage.obj
 0001:0000d4e0       ?get_ipl@@YAPAU_IplImage@@PAUImage_struct@@@Z 1000e4e0 f   IACalcThreadDamage.obj
 0001:0000d5e0       ?locate@@YAHPAUImage_struct@@URect_struct@@@Z 1000e5e0 f   IACalcThreadDamage.obj
 0001:0000d6f0       ?_Buy@?$vector@NV?$allocator@N@std@@@std@@IAE_NI@Z 1000e6f0 f i PolygonNIFloat.obj
 0001:0000d6f0       ?_Buy@?$vector@Upoint@@V?$allocator@Upoint@@@std@@@std@@IAE_NI@Z 1000e6f0 f i IACalcThreadDamage.obj
 0001:0000d740       ??$fill@PAUpoint@@U1@@std@@YAXPAUpoint@@0ABU1@@Z 1000e740 f i IACalcThreadDamage.obj
 0001:0000d770       ?construct@?$allocator@Upoint@@@std@@QAEXPAUpoint@@ABU3@@Z 1000e770 f i IACalcThreadDamage.obj
 0001:0000d790       ??$_Uninit_copy@PBUpoint@@PAU1@V?$allocator@Upoint@@@std@@@std@@YAPAUpoint@@PBU1@0PAU1@AAV?$allocator@Upoint@@@0@U_Nonscalar_ptr_iterator_tag@0@U_Range_checked_iterator_tag@0@@Z 1000e790 f i IACalcThreadDamage.obj
 0001:0000d790       ??$_Uninit_copy@PAUpoint@@PAU1@V?$allocator@Upoint@@@std@@@std@@YAPAUpoint@@PAU1@00AAV?$allocator@Upoint@@@0@U_Nonscalar_ptr_iterator_tag@0@U_Range_checked_iterator_tag@0@@Z 1000e790 f i IACalcThreadDamage.obj
 0001:0000d820       ?end@?$vector@HV?$allocator@H@std@@@std@@QBE?AV?$_Vector_const_iterator@HV?$allocator@H@std@@@2@XZ 1000e820 f i IACalcThreadDamage.obj
 0001:0000d820       ?end@?$vector@Upoint@@V?$allocator@Upoint@@@std@@@std@@QBE?AV?$_Vector_const_iterator@Upoint@@V?$allocator@Upoint@@@std@@@2@XZ 1000e820 f i IACalcThreadDamage.obj
 0001:0000d820       ?end@?$vector@NV?$allocator@N@std@@@std@@QAE?AV?$_Vector_iterator@NV?$allocator@N@std@@@2@XZ 1000e820 f i PolygonNIFloat.obj
 0001:0000d850       ?begin@?$vector@NV?$allocator@N@std@@@std@@QAE?AV?$_Vector_iterator@NV?$allocator@N@std@@@2@XZ 1000e850 f i PolygonNIFloat.obj
 0001:0000d850       ?begin@?$vector@Upoint@@V?$allocator@Upoint@@@std@@@std@@QBE?AV?$_Vector_const_iterator@Upoint@@V?$allocator@Upoint@@@std@@@2@XZ 1000e850 f i IACalcThreadDamage.obj
 0001:0000d850       ?begin@?$vector@HV?$allocator@H@std@@@std@@QBE?AV?$_Vector_const_iterator@HV?$allocator@H@std@@@2@XZ 1000e850 f i IACalcThreadDamage.obj
 0001:0000d880       ??$_Unchecked_move_backward@PAUpoint@@PAU1@@stdext@@YAPAUpoint@@PAU1@00@Z 1000e880 f i IACalcThreadDamage.obj
 0001:0000d8c0       ??$_Uninit_fill_n@PAUpoint@@IU1@V?$allocator@Upoint@@@std@@@std@@YAXPAUpoint@@IABU1@AAV?$allocator@Upoint@@@0@U_Nonscalar_ptr_iterator_tag@0@U_Range_checked_iterator_tag@0@@Z 1000e8c0 f i IACalcThreadDamage.obj
 0001:0000d940       ?erase@?$vector@HV?$allocator@H@std@@@std@@QAE?AV?$_Vector_iterator@HV?$allocator@H@std@@@2@V?$_Vector_const_iterator@HV?$allocator@H@std@@@2@0@Z 1000e940 f i IACalcThreadDamage.obj
 0001:0000d9d0       ??$_Ucopy@V?$_Vector_const_iterator@HV?$allocator@H@std@@@std@@@?$vector@HV?$allocator@H@std@@@std@@IAEPAHV?$_Vector_const_iterator@HV?$allocator@H@std@@@1@0PAH@Z 1000e9d0 f i IACalcThreadDamage.obj
 0001:0000da10       ??$_Ucopy@V?$_Vector_const_iterator@Upoint@@V?$allocator@Upoint@@@std@@@std@@@?$vector@Upoint@@V?$allocator@Upoint@@@std@@@std@@IAEPAUpoint@@V?$_Vector_const_iterator@Upoint@@V?$allocator@Upoint@@@std@@@1@0PAU2@@Z 1000ea10 f i IACalcThreadDamage.obj
 0001:0000da40       ?get_damage@@YAHPAUImage_struct@@HV?$vector@HV?$allocator@H@std@@@std@@Upoint@@URect_struct@@M1AAUPointFloat_struct@@@Z 1000ea40 f   IACalcThreadDamage.obj
 0001:0000ddf0       ??0?$vector@HV?$allocator@H@std@@@std@@QAE@ABV01@@Z 1000edf0 f i IACalcThreadDamage.obj
 0001:0000dee0       ?back@?$vector@V?$vector@Upoint@@V?$allocator@Upoint@@@std@@@std@@V?$allocator@V?$vector@Upoint@@V?$allocator@Upoint@@@std@@@std@@@2@@std@@QAEAAV?$vector@Upoint@@V?$allocator@Upoint@@@std@@@2@XZ 1000eee0 f i IACalcThreadDamage.obj
 0001:0000df40       ?erase@?$vector@Upoint@@V?$allocator@Upoint@@@std@@@std@@QAE?AV?$_Vector_iterator@Upoint@@V?$allocator@Upoint@@@std@@@2@V?$_Vector_const_iterator@Upoint@@V?$allocator@Upoint@@@std@@@2@0@Z 1000ef40 f i IACalcThreadDamage.obj
 0001:0000dfc0       ?_Tidy@?$vector@NV?$allocator@N@std@@@std@@IAEXXZ 1000efc0 f i PolygonNIFloat.obj
 0001:0000dfc0       ?_Tidy@?$vector@HV?$allocator@H@std@@@std@@IAEXXZ 1000efc0 f i DataStat.obj
 0001:0000dfc0       ?_Tidy@?$vector@Upoint@@V?$allocator@Upoint@@@std@@@std@@IAEXXZ 1000efc0 f i IACalcThreadDamage.obj
 0001:0000dff0       ?_Ufill@?$vector@Upoint@@V?$allocator@Upoint@@@std@@@std@@IAEPAUpoint@@PAU3@IABU3@@Z 1000eff0 f i IACalcThreadDamage.obj
 0001:0000e030       ??0?$vector@Upoint@@V?$allocator@Upoint@@@std@@@std@@QAE@ABV01@@Z 1000f030 f i IACalcThreadDamage.obj
 0001:0000e120       ?clear@?$vector@Upoint@@V?$allocator@Upoint@@@std@@@std@@QAEXXZ 1000f120 f i IACalcThreadDamage.obj
 0001:0000e170       ??$_Ucopy@PAUpoint@@@?$vector@Upoint@@V?$allocator@Upoint@@@std@@@std@@IAEPAUpoint@@PAU2@00@Z 1000f170 f i IACalcThreadDamage.obj
 0001:0000e170       ??$_Umove@PAUpoint@@@?$vector@Upoint@@V?$allocator@Upoint@@@std@@@std@@IAEPAUpoint@@PAU2@00@Z 1000f170 f i IACalcThreadDamage.obj
 0001:0000e1a0       ??4?$vector@Upoint@@V?$allocator@Upoint@@@std@@@std@@QAEAAV01@ABV01@@Z 1000f1a0 f i IACalcThreadDamage.obj
 0001:0000e290       ??$_Construct@V?$vector@Upoint@@V?$allocator@Upoint@@@std@@@std@@V12@@std@@YAXPAV?$vector@Upoint@@V?$allocator@Upoint@@@std@@@0@ABV10@@Z 1000f290 f i IACalcThreadDamage.obj
 0001:0000e2f0       ?resize@?$vector@HV?$allocator@H@std@@@std@@QAEXIH@Z 1000f2f0 f i IACalcThreadDamage.obj
 0001:0000e3a0       ?_Insert_n@?$vector@Upoint@@V?$allocator@Upoint@@@std@@@std@@IAEXV?$_Vector_const_iterator@Upoint@@V?$allocator@Upoint@@@std@@@2@IABUpoint@@@Z 1000f3a0 f i IACalcThreadDamage.obj
 0001:0000e5e0       ?construct@?$allocator@V?$vector@Upoint@@V?$allocator@Upoint@@@std@@@std@@@std@@QAEXPAV?$vector@Upoint@@V?$allocator@Upoint@@@std@@@2@ABV32@@Z 1000f5e0 f i IACalcThreadDamage.obj
 0001:0000e600       ?insert@?$vector@Upoint@@V?$allocator@Upoint@@@std@@@std@@QAE?AV?$_Vector_iterator@Upoint@@V?$allocator@Upoint@@@std@@@2@V?$_Vector_const_iterator@Upoint@@V?$allocator@Upoint@@@std@@@2@ABUpoint@@@Z 1000f600 f i IACalcThreadDamage.obj
 0001:0000e6c0       ??$fill@PAV?$vector@Upoint@@V?$allocator@Upoint@@@std@@@std@@V12@@std@@YAXPAV?$vector@Upoint@@V?$allocator@Upoint@@@std@@@0@0ABV10@@Z 1000f6c0 f i IACalcThreadDamage.obj
 0001:0000e6f0       ??$_Uninit_move@PAV?$vector@Upoint@@V?$allocator@Upoint@@@std@@@std@@PAV12@V?$allocator@V?$vector@Upoint@@V?$allocator@Upoint@@@std@@@std@@@2@@std@@YAPAV?$vector@Upoint@@V?$allocator@Upoint@@@std@@@0@PAV10@00AAV?$allocator@V?$vector@Upoint@@V?$allocator@Upoint@@@std@@@std@@@0@U_Swap_move_tag@0@U_Range_checked_iterator_tag@0@@Z 1000f6f0 f i IACalcThreadDamage.obj
 0001:0000e800       ??$_Move_backward_opt@PAV?$vector@Upoint@@V?$allocator@Upoint@@@std@@@std@@PAV12@Uforward_iterator_tag@2@@std@@YAPAV?$vector@Upoint@@V?$allocator@Upoint@@@std@@@0@PAV10@00Uforward_iterator_tag@0@U_Swap_move_tag@0@U_Range_checked_iterator_tag@0@@Z 1000f800 f i IACalcThreadDamage.obj
 0001:0000e8a0       ?get_sum_kernel@@YA_NV?$vector@Upoint@@V?$allocator@Upoint@@@std@@@std@@HAAV?$vector@HV?$allocator@H@std@@@2@AAUpoint@@21@Z 1000f8a0 f   IACalcThreadDamage.obj
 0001:0000ecd0       ?push_back@?$vector@Upoint@@V?$allocator@Upoint@@@std@@@std@@QAEXABUpoint@@@Z 1000fcd0 f i IACalcThreadDamage.obj
 0001:0000ed50       ??$_Uninit_fill_n@PAV?$vector@Upoint@@V?$allocator@Upoint@@@std@@@std@@IV12@V?$allocator@V?$vector@Upoint@@V?$allocator@Upoint@@@std@@@std@@@2@@std@@YAXPAV?$vector@Upoint@@V?$allocator@Upoint@@@std@@@0@IABV10@AAV?$allocator@V?$vector@Upoint@@V?$allocator@Upoint@@@std@@@std@@@0@U_Nonscalar_ptr_iterator_tag@0@U_Range_checked_iterator_tag@0@@Z 1000fd50 f i IACalcThreadDamage.obj
 0001:0000edf0       ?get_contour@@YAHPAVCBlob@@AAV?$vector@Upoint@@V?$allocator@Upoint@@@std@@@std@@@Z 1000fdf0 f   IACalcThreadDamage.obj
 0001:0000eec0       ??$_Umove@PAV?$vector@Upoint@@V?$allocator@Upoint@@@std@@@std@@@?$vector@V?$vector@Upoint@@V?$allocator@Upoint@@@std@@@std@@V?$allocator@V?$vector@Upoint@@V?$allocator@Upoint@@@std@@@std@@@2@@std@@IAEPAV?$vector@Upoint@@V?$allocator@Upoint@@@std@@@1@PAV21@00@Z 1000fec0 f i IACalcThreadDamage.obj
 0001:0000eef0       ??$_Unchecked_move_backward@PAV?$vector@Upoint@@V?$allocator@Upoint@@@std@@@std@@PAV12@@stdext@@YAPAV?$vector@Upoint@@V?$allocator@Upoint@@@std@@@std@@PAV12@00@Z 1000fef0 f i IACalcThreadDamage.obj
 0001:0000ef50       ?_Ufill@?$vector@V?$vector@Upoint@@V?$allocator@Upoint@@@std@@@std@@V?$allocator@V?$vector@Upoint@@V?$allocator@Upoint@@@std@@@std@@@2@@std@@IAEPAV?$vector@Upoint@@V?$allocator@Upoint@@@std@@@2@PAV32@IABV32@@Z 1000ff50 f i IACalcThreadDamage.obj
 0001:0000ef90       ?_Destroy@?$vector@V?$vector@Upoint@@V?$allocator@Upoint@@@std@@@std@@V?$allocator@V?$vector@Upoint@@V?$allocator@Upoint@@@std@@@std@@@2@@std@@IAEXPAV?$vector@Upoint@@V?$allocator@Upoint@@@std@@@2@0@Z 1000ff90 f i IACalcThreadDamage.obj
 0001:0000efc0       ?_Insert_n@?$vector@V?$vector@Upoint@@V?$allocator@Upoint@@@std@@@std@@V?$allocator@V?$vector@Upoint@@V?$allocator@Upoint@@@std@@@std@@@2@@std@@IAEXV?$_Vector_const_iterator@V?$vector@Upoint@@V?$allocator@Upoint@@@std@@@std@@V?$allocator@V?$vector@Upoint@@V?$allocator@Upoint@@@std@@@std@@@2@@2@IABV?$vector@Upoint@@V?$allocator@Upoint@@@std@@@2@@Z 1000ffc0 f i IACalcThreadDamage.obj
 0001:0000f280       ?insert@?$vector@V?$vector@Upoint@@V?$allocator@Upoint@@@std@@@std@@V?$allocator@V?$vector@Upoint@@V?$allocator@Upoint@@@std@@@std@@@2@@std@@QAE?AV?$_Vector_iterator@V?$vector@Upoint@@V?$allocator@Upoint@@@std@@@std@@V?$allocator@V?$vector@Upoint@@V?$allocator@Upoint@@@std@@@std@@@2@@2@V?$_Vector_const_iterator@V?$vector@Upoint@@V?$allocator@Upoint@@@std@@@std@@V?$allocator@V?$vector@Upoint@@V?$allocator@Upoint@@@std@@@std@@@2@@2@ABV?$vector@Upoint@@V?$allocator@Upoint@@@std@@@2@@Z 10010280 f i IACalcThreadDamage.obj
 0001:0000f330       ?_Tidy@?$vector@V?$vector@Upoint@@V?$allocator@Upoint@@@std@@@std@@V?$allocator@V?$vector@Upoint@@V?$allocator@Upoint@@@std@@@std@@@2@@std@@IAEXXZ 10010330 f i IACalcThreadDamage.obj
 0001:0000f380       ??1?$vector@V?$vector@Upoint@@V?$allocator@Upoint@@@std@@@std@@V?$allocator@V?$vector@Upoint@@V?$allocator@Upoint@@@std@@@std@@@2@@std@@QAE@XZ 10010380 f i IACalcThreadDamage.obj
 0001:0000f3e0       ?push_back@?$vector@V?$vector@Upoint@@V?$allocator@Upoint@@@std@@@std@@V?$allocator@V?$vector@Upoint@@V?$allocator@Upoint@@@std@@@std@@@2@@std@@QAEXABV?$vector@Upoint@@V?$allocator@Upoint@@@std@@@2@@Z 100103e0 f i IACalcThreadDamage.obj
 0001:0000f480       _IA_Calc_ThreadDamage      10010480 f   IACalcThreadDamage.obj
 0001:0000fad0       _IA_Calc_FindThreadLocating 10010ad0 f   IACalcThreadLocating.obj
 0001:0000feb0       ?overlay_text_threads@@YAHPAUImage_struct@@UPoint_struct@@PBDPBURGBValue_struct@@@Z 10010eb0 f   IACalcThreads.obj
 0001:0000ff20       ?_Construct_n@?$vector@HV?$allocator@H@std@@@std@@QAEXIABH@Z 10010f20 f i IACalcThreads.obj
 0001:0000ffd0       ??0?$vector@HV?$allocator@H@std@@@std@@QAE@I@Z 10010fd0 f i IACalcThreads.obj
 0001:00010040       ?most_y_row@@YAXPAUImage_struct@@HAAV?$vector@HV?$allocator@H@std@@@std@@@Z 10011040 f   IACalcThreads.obj
 0001:000102e0       _IA_Calc_Threads           100112e0 f   IACalcThreads.obj
 0001:000108f0       ?init_find_shape_report@@YAHPAUFindShapeReport@@@Z 100118f0 f   IAFindShape.obj
 0001:000109b0       ?remove_small@@YAHPAUImage_struct@@@Z 100119b0 f   IAFindShape.obj
 0001:00010a60       ?visible_copy@@YAHHPAUImage_struct@@@Z 10011a60 f   IAFindShape.obj
 0001:00010ab0       ?find_fine_circle@@YA?AV?$basic_string@_WU?$char_traits@_W@std@@V?$allocator@_W@2@@std@@PAUImage_struct@@AAUpoint@@AAM@Z 10011ab0 f   IAFindShape.obj
 0001:00010cd0       ?mask_down@@YA?AV?$basic_string@_WU?$char_traits@_W@std@@V?$allocator@_W@2@@std@@PAUImage_struct@@ABUPointFloat_struct@@M_N@Z 10011cd0 f   IAFindShape.obj
 0001:00010f60       ?find_and_remove_border@@YAHPAUImage_struct@@@Z 10011f60 f   IAFindShape.obj
 0001:00011330       ??$fill@PAMM@std@@YAXPAM0ABM@Z 10012330 f i IAFindShape.obj
 0001:00011350       ??$_Unchecked_move_backward@PAHPAH@stdext@@YAPAHPAH00@Z 10012350 f i DataStat.obj
 0001:00011350       ??$_Unchecked_move_backward@PAMPAM@stdext@@YAPAMPAM00@Z 10012350 f i IAFindShape.obj
 0001:00011380       ??0?$vector@V?$vector@Upoint@@V?$allocator@Upoint@@@std@@@std@@V?$allocator@V?$vector@Upoint@@V?$allocator@Upoint@@@std@@@std@@@2@@std@@QAE@XZ 10012380 f i IACalcThreadDamage.obj
 0001:00011380       ??0?$vector@UPointFloat_struct@@V?$allocator@UPointFloat_struct@@@std@@@std@@QAE@XZ 10012380 f i IACalcTeeth.obj
 0001:00011380       ??0?$vector@U?$pair@Upoint@@U1@@std@@V?$allocator@U?$pair@Upoint@@U1@@std@@@2@@std@@QAE@XZ 10012380 f i Utilities.obj
 0001:00011380       ??0?$vector@NV?$allocator@N@std@@@std@@QAE@XZ 10012380 f i PolygonNIFloat.obj
 0001:00011380       ??0?$vector@MV?$allocator@M@std@@@std@@QAE@XZ 10012380 f i IAFindShape.obj
 0001:00011380       ??0?$vector@Upoint@@V?$allocator@Upoint@@@std@@@std@@QAE@XZ 10012380 f i IACalcThreadDamage.obj
 0001:00011380       ??0?$vector@HV?$allocator@H@std@@@std@@QAE@XZ 10012380 f i DataStat.obj
 0001:000113f0       ??1?$vector@UPointFloat_struct@@V?$allocator@UPointFloat_struct@@@std@@@std@@QAE@XZ 100123f0 f i IACalcTeeth.obj
 0001:000113f0       ??1?$vector@HV?$allocator@H@std@@@std@@QAE@XZ 100123f0 f i DataStat.obj
 0001:000113f0       ??1?$vector@MV?$allocator@M@std@@@std@@QAE@XZ 100123f0 f i IAFindShape.obj
 0001:000113f0       ??1?$vector@U?$pair@Upoint@@U1@@std@@V?$allocator@U?$pair@Upoint@@U1@@std@@@2@@std@@QAE@XZ 100123f0 f i Utilities.obj
 0001:000113f0       ??1?$vector@Upoint@@V?$allocator@Upoint@@@std@@@std@@QAE@XZ 100123f0 f i IACalcThreadDamage.obj
 0001:000113f0       ??1?$vector@NV?$allocator@N@std@@@std@@QAE@XZ 100123f0 f i PolygonNIFloat.obj
 0001:00011460       ?_Ufill@?$vector@MV?$allocator@M@std@@@std@@IAEPAMPAMIABM@Z 10012460 f i IAFindShape.obj
 0001:00011490       ?_Insert_n@?$vector@MV?$allocator@M@std@@@std@@IAEXV?$_Vector_const_iterator@MV?$allocator@M@std@@@2@IABM@Z 10012490 f i IAFindShape.obj
 0001:000116c0       ?insert@?$vector@MV?$allocator@M@std@@@std@@QAE?AV?$_Vector_iterator@MV?$allocator@M@std@@@2@V?$_Vector_const_iterator@MV?$allocator@M@std@@@2@ABM@Z 100126c0 f i IAFindShape.obj
 0001:00011780       ?push_back@?$vector@MV?$allocator@M@std@@@std@@QAEXABM@Z 10012780 f i IAFindShape.obj
 0001:000117f0       ?SideCrack@@YAMPAUImage_struct@@UAnnulus_struct@@H@Z 100127f0 f   IAFindShape.obj
 0001:00011c00       ?find_shape@@YAHPAUImage_struct@@PBUFindShapeOptions@@PAUFindShapeReport@@@Z 10012c00 f   IAFindShape.obj
 0001:00012080       ?find_and_remove_trench@@YA?AV?$basic_string@_WU?$char_traits@_W@std@@V?$allocator@_W@2@@std@@PAUImage_struct@@AAUPointFloat_struct@@AAM@Z 10013080 f   IAFindShape.obj
 0001:00012570       _IA_Calc_FindShape         10013570 f   IAFindShape.obj
 0001:00012cd0       ?GetImage@@YAPAUImage_struct@@HH@Z 10013cd0 f   IAMain.obj
 0001:00012cf0       ?IsEmpty@@YAHPAUImage_struct@@@Z 10013cf0 f   IAMain.obj
 0001:00012d20       _IA_IsEmpty                10013d20 f   IAMain.obj
 0001:00012d60       _IA_GetMyError             10013d60 f   IAMain.obj
 0001:00012d70       _IA_ShowWindow             10013d70 f   IAMain.obj
 0001:00012df0       ?internalEventCallback@@YAXW4WindowEventType_enum@@HW4Tool_enum@@URect_struct@@@Z 10013df0 f   IAMain.obj
 0001:00012e30       _IA_Free                   10013e30 f   IAMain.obj
 0001:00012ee0       _IA_Initialize             10013ee0 f   IAMain.obj
 0001:00013010       _IA_SetTool                10014010 f   IAMain.obj
 0001:00013020       _IA_SetupWindow            10014020 f   IAMain.obj
 0001:00013140       _IA_ReadImage              10014140 f   IAMain.obj
 0001:000132b0       ?save_image@@YAPAUImage_struct@@HH@Z 100142b0 f   IAMain.obj
 0001:000133b0       ?restore_image@@YAHHHPAUImage_struct@@@Z 100143b0 f   IAMain.obj
 0001:00013480       _IA_CopyImage              10014480 f   IAMain.obj
 0001:00013520       _IA_Refresh                10014520 f   IAMain.obj
 0001:000135b0       _IA_AqcuiredImage          100145b0 f   IAMain.obj
 0001:00013640       _IA_GetZoom                10014640 f   IAMain.obj
 0001:00013880       _IA_SetZoom                10014880 f   IAMain.obj
 0001:00013970       _IA_OverlayClear           10014970 f   IAMain.obj
 0001:00013a20       ?GetColor@@YA?AURGBValue_struct@@H@Z 10014a20 f   IAMain.obj
 0001:00013ab0       _IA_OverlayDrawLine        10014ab0 f   IAMain.obj
 0001:00013b70       _IA_OverlayDrawText        10014b70 f   IAMain.obj
 0001:00013ca0       _IA_OverlayDrawText2       10014ca0 f   IAMain.obj
 0001:00013d80       _IA_ShowScrollbar          10014d80 f   IAMain.obj
 0001:00013da0       _IA_ViewBinary             10014da0 f   IAMain.obj
 0001:00013dc0       _IA_ViewGray               10014dc0 f   IAMain.obj
 0001:00013de0       ?copy_overlay_from@@YAHPAUImage_struct@@HH@Z 10014de0 f   IAMain.obj
 0001:00013f00       _log_debug                 10014f00 f   IAMain.obj
 0001:00013f10       _log_error                 10014f10 f   IAMain.obj
 0001:00013f20       _log_info                  10014f20 f   IAMain.obj
 0001:00013f30       _log_warning               10014f30 f   IAMain.obj
 0001:00013f40       _log_fatal                 10014f40 f   IAMain.obj
 0001:00013f50       _log_set_level             10014f50 f   IAMain.obj
 0001:00013f60       _log_init                  10014f60 f   IAMain.obj
 0001:00013f70       _log_finish                10014f70 f   IAMain.obj
 0001:00013f80       _IA_GetLastError           10014f80 f   IAMain.obj
 0001:00014040       _IA_Screenshot             10015040 f   IAMain.obj
 0001:00014170       _IA_Screenshot_Display     10015170 f   IAMain.obj
 0001:000142a0       _IA_Process_BinarizeManual 100152a0 f   IAProcess.obj
 0001:00014460       _IA_Process_RemoveNoise    10015460 f   IAProcess.obj
 0001:000145a0       _IA_Process_BinarizeAuto   100155a0 f   IAProcess.obj
 0001:00014740       ?GetROI@@YAPAUROI_struct@@H@Z 10015740 f   IAROI.obj
 0001:00014750       _IA_ROI_GetBoundary        10015750 f   IAROI.obj
 0001:00014760       _IA_ROI_Remove             10015760 f   IAROI.obj
 0001:00014810       _IA_ROI_SetColor           10015810 f   IAROI.obj
 0001:000148c0       ??$GetBoundingGeneral@URotatedRect_struct@@@@YAHPBURotatedRect_struct@@PAURect_struct@@@Z 100158c0 f i IAROI.obj
 0001:00014990       ??$AddTool@URotatedRect_struct@@@@YAHHPBURotatedRect_struct@@@Z 10015990 f i IAROI.obj
 0001:00014b00       ??$GetBoundingGeneral@UAnnulus_struct@@@@YAHPBUAnnulus_struct@@PAURect_struct@@@Z 10015b00 f i IAROI.obj
 0001:00014be0       ??$AddTool@UAnnulus_struct@@@@YAHHPBUAnnulus_struct@@@Z 10015be0 f i IAROI.obj
 0001:00014d50       ??$GetBoundingGeneral@URect_struct@@@@YAHPBURect_struct@@PAU0@@Z 10015d50 f i IAROI.obj
 0001:00014f20       _IA_ROI_AddRotatedRectangle 10015f20 f   IAROI.obj
 0001:00014f40       _IA_ROI_GetRotatedRectangle 10015f40 f   IAROI.obj
 0001:00014f70       _IA_ROI_AddAnnulus         10015f70 f   IAROI.obj
 0001:00014f90       _IA_ROI_GetAnnulus         10015f90 f   IAROI.obj
 0001:00014fc0       _IA_ROI_AddRectangle       10015fc0 f   IAROI.obj
 0001:00015020       _IA_ROI_GetRectangle       10016020 f   IAROI.obj
 0001:00015050       _imaqDisposeStraightEdgeReport@4 10016050 f   NIMachineVision.obj
 0001:00015050       _imaqDisposeCircularEdgeReport@4 10016050 f   NIMachineVision.obj
 0001:00015080       _imaqFindExtremeEdge       10016080 f   NIMachineVision.obj
 0001:00015250       _imaqMakePointFromPointFloat 10016250 f   NIMachineVision.obj
 0001:000152a0       _imaqMeasureMaxDistance    100162a0 f   NIMachineVision.obj
 0001:00015460       _imaqMeasureMinDistance    10016460 f   NIMachineVision.obj
 0001:00015640       _imaqOverlayArrow          10016640 f   NIMachineVision.obj
 0001:000158a0       _imaqOverlayLineWithArrow  100168a0 f   NIMachineVision.obj
 0001:00015940       _imaqPrepareForExit        10016940 f   NIMachineVision.obj
 0001:00015980       _imaqSplitRotatedRectangle 10016980 f   NIMachineVision.obj
 0001:00015c50       _imaqOverlayClampResults   10016c50 f   NIMachineVision.obj
 0001:00016570       _imaqOverlayFindCircularEdgeResults 10017570 f   NIMachineVision.obj
 0001:00016990       _imaqOverlayFindEdgeResults 10017990 f   NIMachineVision.obj
 0001:00016e40       _imaqFindCircularEdge@52   10017e40 f   NIMachineVision.obj
 0001:00017140       _imaqFindEdge@40           10018140 f   NIMachineVision.obj
 0001:000174f0       _imaqClampMax@52           100184f0 f   NIMachineVision.obj
 0001:00017730       _imaqClampMin@52           10018730 f   NIMachineVision.obj
 0001:00017bd0       ?get_point@@YA?AUPoint_struct@@ABUPointFloat_struct@@MM@Z 10018bd0 f   NIPoints.obj
 0001:00017c00       ?draw_circle@@YAXPAUImage_struct@@ABUPointFloat_struct@@MPBURGBValue_struct@@@Z 10018c00 f   NIPoints.obj
 0001:00017d00       ?draw_line@@YAXPAUImage_struct@@ABUPointFloat_struct@@1HHPBURGBValue_struct@@HH@Z 10018d00 f   NIPoints.obj
 0001:00017d80       ?point2point@@YAMABUPoint_struct@@0@Z 10018d80 f   NIPoints.obj
 0001:00017de0       ?point2point@@YAMABUPointFloat_struct@@0@Z 10018de0 f   NIPoints.obj
 0001:00017de0       ?point2point@@YAMABUpoint@@0@Z 10018de0 f   NIPoints.obj
 0001:00017e60       ?point2line@@YAMABUPointFloat_struct@@00_N@Z 10018e60 f   NIPoints.obj
 0001:00017fd0       ?radian2degree@@YAMM@Z     10018fd0 f   NIPoints.obj
 0001:00017ff0       ?Angle@@YAMABUPointFloat_struct@@00@Z 10018ff0 f   NIPoints.obj
 0001:00018170       ?draw_point@@YAHPAUImage_struct@@UPointFloat_struct@@URGBValue_struct@@@Z 10019170 f   overlay.obj
 0001:00018200       ?overlay_result@@YAHPAUImage_struct@@ABUoptions_overlay_result@@@Z 10019200 f   overlay.obj
 0001:000184f0       ?overlay_result_max@@YAHPAUImage_struct@@ABURotatedRect_struct@@ABUPointFloat_struct@@2W4RakeDirection_enum@@@Z 100194f0 f   overlay.obj
 0001:000185b0       ?overlay_result_min@@YAHPAUImage_struct@@ABURotatedRect_struct@@ABUPointFloat_struct@@2W4RakeDirection_enum@@@Z 100195b0 f   overlay.obj
 0001:00018680       ??0point@@QAE@ABUPoint_struct@@@Z 10019680 f   point.obj
 0001:000186a0       ?pt@point@@QBE?AUPoint_struct@@XZ 100196a0 f   point.obj
 0001:000186e0       ??8@YA_NABUpoint@@0@Z      100196e0 f   point.obj
 0001:00018730       ??0point@@QAE@ABUPointFloat_struct@@@Z 10019730 f   point.obj
 0001:00018730       ??4point@@QAEAAU0@ABUPointFloat_struct@@@Z 10019730 f   point.obj
 0001:00018750       ?_Reverse@?$vector@Upoint@@V?$allocator@Upoint@@@std@@@std@@QAEXPAUpoint@@0@Z 10019750 f i point.obj
 0001:00018790       ??$_Uninit_copy@PBUPointFloat_struct@@PAUpoint@@V?$allocator@Upoint@@@std@@@std@@YAPAUpoint@@PBUPointFloat_struct@@0PAU1@AAV?$allocator@Upoint@@@0@U_Nonscalar_ptr_iterator_tag@0@U_Range_checked_iterator_tag@0@@Z 10019790 f i point.obj
 0001:00018830       ??$_Ucopy@PBUPointFloat_struct@@@?$vector@Upoint@@V?$allocator@Upoint@@@std@@@std@@IAEPAUpoint@@PBUPointFloat_struct@@0PAU2@@Z 10019830 f i point.obj
 0001:00018860       ??$_Insert@PBUPointFloat_struct@@@?$vector@Upoint@@V?$allocator@Upoint@@@std@@@std@@QAEXV?$_Vector_const_iterator@Upoint@@V?$allocator@Upoint@@@std@@@1@PBUPointFloat_struct@@1Uforward_iterator_tag@1@@Z 10019860 f i point.obj
 0001:00018a00       ??$_Assign@PBUPointFloat_struct@@@?$vector@Upoint@@V?$allocator@Upoint@@@std@@@std@@QAEXPBUPointFloat_struct@@0Uinput_iterator_tag@1@@Z 10019a00 f i point.obj
 0001:00018a70       ?get_points@@YAXPBUPointFloat_struct@@HAAV?$vector@Upoint@@V?$allocator@Upoint@@@std@@@std@@@Z 10019a70 f   point.obj
 0001:00018c90       ?back@?$vector@Upoint@@V?$allocator@Upoint@@@std@@@std@@QBEABUpoint@@XZ 10019c90 f i polygon_moments.obj
 0001:00018d00       ?polygon_moments@@YAXABV?$vector@Upoint@@V?$allocator@Upoint@@@std@@@std@@PAUmoments@@@Z 10019d00 f   polygon_moments.obj
 0001:000191d0       ?translate_points@@YAXPBUPointFloat_struct@@HAAV?$vector@Upoint@@V?$allocator@Upoint@@@std@@@std@@HH@Z 1001a1d0 f   polygon_moments.obj
 0001:00019350       ?size@?$vector@NV?$allocator@N@std@@@std@@QBEIXZ 1001a350 f i PolygonNIFloat.obj
 0001:00019360       ??A?$vector@UPointFloat_struct@@V?$allocator@UPointFloat_struct@@@std@@@std@@QAEAAUPointFloat_struct@@I@Z 1001a360 f i IACalcTeeth.obj
 0001:00019360       ??A?$vector@NV?$allocator@N@std@@@std@@QAEAANI@Z 1001a360 f i PolygonNIFloat.obj
 0001:00019390       ?capacity@?$vector@NV?$allocator@N@std@@@std@@QBEIXZ 1001a390 f i PolygonNIFloat.obj
 0001:000193b0       ??0_Container_base_aux@std@@QAE@XZ 1001a3b0 f i DataStat.obj
 0001:000193b0       ??0?$allocator@N@std@@QAE@XZ 1001a3b0 f i PolygonNIFloat.obj
 0001:000193c0       ??0?$allocator@N@std@@QAE@ABV01@@Z 1001a3c0 f i PolygonNIFloat.obj
 0001:000193d0       ?deallocate@?$allocator@V_Aux_cont@std@@@std@@QAEXPAV_Aux_cont@2@I@Z 1001a3d0 f i DataStat.obj
 0001:000193d0       ?deallocate@?$allocator@N@std@@QAEXPANI@Z 1001a3d0 f i PolygonNIFloat.obj
 0001:000193e0       ??$_Ptr_cat@PANPAN@std@@YA?AU_Scalar_ptr_iterator_tag@0@AAPAN0@Z 1001a3e0 f i PolygonNIFloat.obj
 0001:000193f0       ??$_Iter_random@PANPAN@std@@YA?AUrandom_access_iterator_tag@0@ABQAN0@Z 1001a3f0 f i PolygonNIFloat.obj
 0001:00019400       ??$_Checked_base@PAN@std@@YAPANAAPAN@Z 1001a400 f i PolygonNIFloat.obj
 0001:00019410       ??$unchecked_uninitialized_copy@PANPANV?$allocator@N@std@@@stdext@@YAPANPAN00AAV?$allocator@N@std@@@Z 1001a410 f i PolygonNIFloat.obj
 0001:00019450       ?_Destroy@?$vector@NV?$allocator@N@std@@@std@@IAEXPAN0@Z 1001a450 f i PolygonNIFloat.obj
 0001:00019460       ??0?$_Vector_iterator@NV?$allocator@N@std@@@std@@QAE@PANPBV_Container_base_aux@1@@Z 1001a460 f i PolygonNIFloat.obj
 0001:00019460       ??0?$_Vector_const_iterator@NV?$allocator@N@std@@@std@@QAE@PANPBV_Container_base_aux@1@@Z 1001a460 f i PolygonNIFloat.obj
 0001:000194a0       ?_Ufill@?$vector@NV?$allocator@N@std@@@std@@IAEPANPANIABN@Z 1001a4a0 f i PolygonNIFloat.obj
 0001:000194d0       ?normalize_rect@@YAHPAUImage_struct@@PBURect_struct@@PAU2@@Z 1001a4d0 f   sub_image.obj
 0001:00019610       ?get@sub_image@@QAEXPAUImage_struct@@PBURect_struct@@@Z 1001a610 f   sub_image.obj
 0001:00019770       ??0sub_image@@QAE@XZ       1001a770 f   sub_image.obj
 0001:00019790       ??0sub_image@@QAE@PAUImage_struct@@PBURect_struct@@@Z 1001a790 f   sub_image.obj
 0001:000197d0       ?Commit@sub_image@@QAEXPAUImage_struct@@@Z 1001a7d0 f   sub_image.obj
 0001:00019850       ??1sub_image@@UAE@XZ       1001a850 f   sub_image.obj
 0001:000198c0       ??_Gsub_image@@UAEPAXI@Z   1001a8c0 f i sub_image.obj
 0001:000198c0       ??_Esub_image@@UAEPAXI@Z   1001a8c0 f i sub_image.obj
 0001:000198e0       ?point_mid@@YA?AUPointFloat_struct@@PBU1@0@Z 1001a8e0 f   tools_geometry.obj
 0001:00019960       ?symmetrical_point@@YA?AUPointFloat_struct@@PBU1@0@Z 1001a960 f   tools_geometry.obj
 0001:000199e0       ?rotate_point@@YA?AUPointFloat_struct@@PBU1@0M@Z 1001a9e0 f   tools_geometry.obj
 0001:00019b10       ?make_rotated_rect@@YA?AURotatedRect_struct@@HHUPointFloat_struct@@M@Z 1001ab10 f   tools_ni.obj
 0001:00019ba0       ?point_to_pointfloat@@YA?AUPointFloat_struct@@PBUPoint_struct@@@Z 1001aba0 f   tools_ni.obj
 0001:00019bd0       ?remove_small@@YAHPAUImage_struct@@HH@Z 1001abd0 f   tools_ni.obj
 0001:00019c70       ?morphology@@YAHPAUImage_struct@@W4MorphologyMethod_enum@@@Z 1001ac70 f   tools_ni.obj
 0001:00019d10       ?keep_particle_between@@YAHPAUImage_struct@@W4MeasurementType_enum@@MMPAH@Z 1001ad10 f   tools_ni.obj
 0001:00019d90       ?find_edge@@YAPAUStraightEdgeReport_struct@@PAUImage_struct@@PBUfind_edge_options@@@Z 1001ad90 f   tools_ni.obj
 0001:00019e20       ?keep_particle_largest@@YAHPAUImage_struct@@@Z 1001ae20 f   tools_ni.obj
 0001:00019f30       ?rotate_rect@@YA?AUpoints_rect@@ABURotatedRect_struct@@@Z 1001af30 f   tools_ni.obj
 0001:0001a050       ?fill_circle@@YAHPAUImage_struct@@ABUPointFloat_struct@@ABMH@Z 1001b050 f   tools_ni.obj
 0001:0001a110       ?find_shape@@YAHPAUImage_struct@@UAnnulus_struct@@AAHH@Z 1001b110 f   tools_ni.obj
 0001:0001a220       ?find_diameter@@YAPAUCircularEdgeReport_struct@@PAUImage_struct@@PBUedge_circle_options@@PAPAUSpokeReport_struct@@@Z 1001b220 f   tools_ni.obj
 0001:0001a2a0       ?make_calculatible@@YAHPAUImage_struct@@@Z 1001b2a0 f   tools_ni.obj
 0001:0001a2d0       ?edge_tool@@YAPAUEdgeReport_struct@@PAUImage_struct@@Upoint@@1PAH@Z 1001b2d0 f   tools_ni.obj
 0001:0001a420       ?fill_holes_side@@YAHPAUImage_struct@@@Z 1001b420 f   tools_ni.obj
 0001:0001a590       ?locating@@YAHPAUImage_struct@@PAMPAUPointFloat_struct@@@Z 1001b590 f   tools_ni.obj
 0001:0001a660       ?mask_down@@YAHPAUImage_struct@@URect_struct@@@Z 1001b660 f   tools_ni.obj
 0001:0001a7a0       ?rake@@YAPAURakeReport_struct@@PAUImage_struct@@W4RakeDirection_enum@@W4EdgeProcess_enum@@URect_struct@@@Z 1001b7a0 f   tools_ni.obj
 0001:0001a8a0       ?DrawSmallRect@@YAXPAUImage_struct@@UPointFloat_struct@@HPBURGBValue_struct@@@Z 1001b8a0 f   Utilities.obj
 0001:0001a930       ?FindDiameter@@YAPAUCircularEdgeReport_struct@@PAUImage_struct@@PBUAnnulus_struct@@HHHHHPAPAUSpokeReport_struct@@@Z 1001b930 f   Utilities.obj
 0001:0001a9d0       ?init_diameter_report@@YAHPAUDiameterReport@@@Z 1001b9d0 f   Utilities.obj
 0001:0001aa90       ?FindDistance@@YAMPAUImage_struct@@PBURotatedRect_struct@@HHHPAUPointFloat_struct@@2_N@Z 1001ba90 f   Utilities.obj
 0001:0001ac00       ?GetBounding@@YAHHHPAURect_struct@@@Z 1001bc00 f   Utilities.obj
 0001:0001ace0       ?debug_ni_err@@YA?AV?$basic_string@DU?$char_traits@D@std@@V?$allocator@D@2@@std@@H@Z 1001bce0 f   Utilities.obj
 0001:0001ad80       ??0?$_Container_base_aux_alloc_real@V?$allocator@V?$vector@Upoint@@V?$allocator@Upoint@@@std@@@std@@@std@@@std@@IAE@V?$allocator@V?$vector@Upoint@@V?$allocator@Upoint@@@std@@@std@@@1@@Z 1001bd80 f i IACalcThreadDamage.obj
 0001:0001ad80       ??0?$_Container_base_aux_alloc_real@V?$allocator@N@std@@@std@@IAE@V?$allocator@N@1@@Z 1001bd80 f i PolygonNIFloat.obj
 0001:0001ad80       ??0?$_Container_base_aux_alloc_real@V?$allocator@UPointFloat_struct@@@std@@@std@@IAE@V?$allocator@UPointFloat_struct@@@1@@Z 1001bd80 f i IACalcTeeth.obj
 0001:0001ad80       ??0?$_Container_base_aux_alloc_real@V?$allocator@Upoint@@@std@@@std@@IAE@V?$allocator@Upoint@@@1@@Z 1001bd80 f i IACalcThreadDamage.obj
 0001:0001ad80       ??0?$_Container_base_aux_alloc_real@V?$allocator@U?$pair@Upoint@@U1@@std@@@std@@@std@@IAE@V?$allocator@U?$pair@Upoint@@U1@@std@@@1@@Z 1001bd80 f i Utilities.obj
 0001:0001ad80       ??0?$_Container_base_aux_alloc_real@V?$allocator@H@std@@@std@@IAE@V?$allocator@H@1@@Z 1001bd80 f i DataStat.obj
 0001:0001ad80       ??0?$_Container_base_aux_alloc_real@V?$allocator@M@std@@@std@@IAE@V?$allocator@M@1@@Z 1001bd80 f i IAFindShape.obj
 0001:0001adf0       ??0?$_Vector_val@MV?$allocator@M@std@@@std@@IAE@V?$allocator@M@1@@Z 1001bdf0 f i IAFindShape.obj
 0001:0001adf0       ??0?$_Vector_val@Upoint@@V?$allocator@Upoint@@@std@@@std@@IAE@V?$allocator@Upoint@@@1@@Z 1001bdf0 f i IACalcThreadDamage.obj
 0001:0001adf0       ??0?$_Vector_val@NV?$allocator@N@std@@@std@@IAE@V?$allocator@N@1@@Z 1001bdf0 f i PolygonNIFloat.obj
 0001:0001adf0       ??0?$_Vector_val@V?$vector@Upoint@@V?$allocator@Upoint@@@std@@@std@@V?$allocator@V?$vector@Upoint@@V?$allocator@Upoint@@@std@@@std@@@2@@std@@IAE@V?$allocator@V?$vector@Upoint@@V?$allocator@Upoint@@@std@@@std@@@1@@Z 1001bdf0 f i IACalcThreadDamage.obj
 0001:0001adf0       ??0?$_Vector_val@HV?$allocator@H@std@@@std@@IAE@V?$allocator@H@1@@Z 1001bdf0 f i DataStat.obj
 0001:0001adf0       ??0?$_Vector_val@UPointFloat_struct@@V?$allocator@UPointFloat_struct@@@std@@@std@@IAE@V?$allocator@UPointFloat_struct@@@1@@Z 1001bdf0 f i IACalcTeeth.obj
 0001:0001adf0       ??0?$_Vector_val@U?$pair@Upoint@@U1@@std@@V?$allocator@U?$pair@Upoint@@U1@@std@@@2@@std@@IAE@V?$allocator@U?$pair@Upoint@@U1@@std@@@1@@Z 1001bdf0 f i Utilities.obj
 0001:0001ae50       ?CalcDiameter@@YAHPAUImage_struct@@PBUDiameterOptions@@PAUDiameterReport@@@Z 1001be50 f   Utilities.obj
 0001:0001b2e7       ??_U@YAPAXI@Z              1001c2e7 f   msvcprt:newaop_s.obj
 0001:0001b350       _imaqCloseToolWindow@0     1001c350 f   nivision:nivision.dll
 0001:0001b356       _imaqCloseWindow@4         1001c356 f   nivision:nivision.dll
 0001:0001b360       ___CxxFrameHandler3        1001c360 f   MSVCRT:MSVCR90.dll
 0001:0001b366       @__security_check_cookie@4 1001c366 f   MSVCRT:secchk.obj
 0001:0001b375       ??_Etype_info@@UAEPAXI@Z   1001c375 f i MSVCRT:ti_inst.obj
 0001:0001b3c2       ?what@exception@std@@UBEPBDXZ 1001c3c2 f   MSVCRT:MSVCR90.dll
 0001:0001b3c8       ??3@YAXPAX@Z               1001c3c8 f   MSVCRT:MSVCR90.dll
 0001:0001b3ce       __CxxThrowException@8      1001c3ce f   MSVCRT:MSVCR90.dll
 0001:0001b3d4       ??0exception@std@@QAE@ABV01@@Z 1001c3d4 f   MSVCRT:MSVCR90.dll
 0001:0001b3da       ??2@YAPAXI@Z               1001c3da f   MSVCRT:MSVCR90.dll
 0001:0001b3e0       _memset                    1001c3e0 f   MSVCRT:MSVCR90.dll
 0001:0001b3e6       _memcpy                    1001c3e6 f   MSVCRT:MSVCR90.dll
 0001:0001b3f0       __ftol2_sse                1001c3f0 f   MSVCRT:ftol2.obj
 0001:0001b3f9       __ftol2_pentium4           1001c3f9 f   MSVCRT:ftol2.obj
 0001:0001b40c       __ftol2_sse_excpt          1001c40c f   MSVCRT:ftol2.obj
 0001:0001b426       __ftol2                    1001c426 f   MSVCRT:ftol2.obj
 0001:0001b49c       __CIcos                    1001c49c f   MSVCRT:MSVCR90.dll
 0001:0001b4a2       __CIsin                    1001c4a2 f   MSVCRT:MSVCR90.dll
 0001:0001b4a8       ??_V@YAXPAX@Z              1001c4a8 f   MSVCRT:MSVCR90.dll
 0001:0001b4ae       __CIatan2                  1001c4ae f   MSVCRT:MSVCR90.dll
 0001:0001b4b4       ?__ArrayUnwind@@YGXPAXIHP6EX0@Z@Z 1001c4b4 f   MSVCRT:ehvecdtr.obj
 0001:0001b512       ??_M@YGXPAXIHP6EX0@Z@Z     1001c512 f   MSVCRT:ehvecdtr.obj
 0001:0001b575       ??_L@YGXPAXIHP6EX0@Z1@Z    1001c575 f   MSVCRT:ehvecctr.obj
 0001:0001b5da       __CIsqrt                   1001c5da f   MSVCRT:MSVCR90.dll
 0001:0001b5e0       __CItan                    1001c5e0 f   MSVCRT:MSVCR90.dll
 0001:0001b5e6       __CIatan                   1001c5e6 f   MSVCRT:MSVCR90.dll
 0001:0001b5ec       __CIacos                   1001c5ec f   MSVCRT:MSVCR90.dll
 0001:0001b641       __CRT_INIT@12              1001c641 f   MSVCRT:crtdll.obj
 0001:0001b97d       __DllMainCRTStartup@12     1001c97d f   MSVCRT:crtdll.obj
 0001:0001b9a0       __onexit                   1001c9a0 f   MSVCRT:atonexit.obj
 0001:0001ba45       _atexit                    1001ca45 f   MSVCRT:atonexit.obj
 0001:0001ba5c       ___report_gsfailure        1001ca5c f   MSVCRT:gs_report.obj
 0001:0001bbb2       __get_sse2_info            1001cbb2 f   MSVCRT:cpu_disp.obj
 0001:0001bc14       ___sse2_available_init     1001cc14 f   MSVCRT:cpu_disp.obj
 0001:0001bc22       ?terminate@@YAXXZ          1001cc22 f   MSVCRT:MSVCR90.dll
 0001:0001bc28       __SEH_prolog4              1001cc28 f   MSVCRT:sehprolg4.obj
 0001:0001bc6d       __SEH_epilog4              1001cc6d f   MSVCRT:sehprolg4.obj
 0001:0001bc81       __except_handler4          1001cc81 f   MSVCRT:chandler4gs.obj
 0001:0001bca6       ___clean_type_info_names   1001cca6 f   MSVCRT:tncleanup.obj
 0001:0001bcb2       __RTC_Initialize           1001ccb2 f   MSVCRT:_initsect_.obj
 0001:0001bcd8       __RTC_Terminate            1001ccd8 f   MSVCRT:_initsect_.obj
 0001:0001bd00       __ValidateImageBase        1001cd00 f   MSVCRT:pesect.obj
 0001:0001bd40       __FindPESection            1001cd40 f   MSVCRT:pesect.obj
 0001:0001bd90       __IsNonwritableInCurrentImage 1001cd90 f   MSVCRT:pesect.obj
 0001:0001be4e       __initterm                 1001ce4e f   MSVCRT:MSVCR90.dll
 0001:0001be54       __initterm_e               1001ce54 f   MSVCRT:MSVCR90.dll
 0001:0001be5a       __amsg_exit                1001ce5a f   MSVCRT:MSVCR90.dll
 0001:0001be60       ___CppXcptFilter           1001ce60 f   MSVCRT:MSVCR90.dll
 0001:0001be66       ___security_init_cookie    1001ce66 f   MSVCRT:gs_support.obj
 0001:0001befc       __unlock                   1001cefc f   MSVCRT:MSVCR90.dll
 0001:0001bf02       ___dllonexit               1001cf02 f   MSVCRT:MSVCR90.dll
 0001:0001bf08       __lock                     1001cf08 f   MSVCRT:MSVCR90.dll
 0001:0001bf0e       __crt_debugger_hook        1001cf0e f   MSVCRT:MSVCR90.dll
 0001:0001bf14       ??1type_info@@UAE@XZ       1001cf14 f   MSVCRT:MSVCR90.dll
 0001:0001bf14       ?_type_info_dtor_internal_method@type_info@@QAEXXZ 1001cf14 f   MSVCRT:MSVCR90.dll
 0001:0001bf1a       __except_handler4_common   1001cf1a f   MSVCRT:MSVCR90.dll
 0001:0001bf20       ___clean_type_info_names_internal 1001cf20 f   MSVCRT:MSVCR90.dll
 0001:0001bf30       ??0CBlob@@QAE@XZ           1001cf30 f   cvblobslib:blob.obj
 0001:0001c010       ??0CBlob@@QAE@IUCvPoint@@UCvSize@@@Z 1001d010 f   cvblobslib:blob.obj
 0001:0001c1a0       ??0CBlob@@QAE@ABV0@@Z      1001d1a0 f   cvblobslib:blob.obj
 0001:0001c220       ??0CBlob@@QAE@PBV0@@Z      1001d220 f   cvblobslib:blob.obj
 0001:0001c2a0       ??4CBlob@@QAEAAV0@ABV0@@Z  1001d2a0 f   cvblobslib:blob.obj
 0001:0001c690       ??1CBlob@@QAE@XZ           1001d690 f   cvblobslib:blob.obj
 0001:0001c710       ?ClearContours@CBlob@@AAEXXZ 1001d710 f   cvblobslib:blob.obj
 0001:0001c7a0       ?AddInternalContour@CBlob@@QAEXABVCBlobContour@@@Z 1001d7a0 f   cvblobslib:blob.obj
 0001:0001c7c0       ?IsEmpty@CBlob@@QAE_NXZ    1001d7c0 f   cvblobslib:blob.obj
 0001:0001c7e0       ?Area@CBlob@@QAENXZ        1001d7e0 f   cvblobslib:blob.obj
 0001:0001c870       ?Perimeter@CBlob@@QAENXZ   1001d870 f   cvblobslib:blob.obj
 0001:0001c900       ?Exterior@CBlob@@QAEHPAU_IplImage@@_N1@Z 1001d900 f   cvblobslib:blob.obj
 0001:0001c940       ?ExternPerimeter@CBlob@@QAENPAU_IplImage@@_N1@Z 1001d940 f   cvblobslib:blob.obj
 0001:0001cd50       ?Moment@CBlob@@QAENHH@Z    1001dd50 f   cvblobslib:blob.obj
 0001:0001cdf0       ?Mean@CBlob@@QAENPAU_IplImage@@@Z 1001ddf0 f   cvblobslib:blob.obj
 0001:0001d170       ?StdDev@CBlob@@QAENPAU_IplImage@@@Z 1001e170 f   cvblobslib:blob.obj
 0001:0001d1a0       ?GetBoundingBox@CBlob@@QAE?AUCvRect@@XZ 1001e1a0 f   cvblobslib:blob.obj
 0001:0001d410       ?GetEllipse@CBlob@@QAE?AUCvBox2D@@XZ 1001e410 f   cvblobslib:blob.obj
 0001:0001d820       ?FillBlob@CBlob@@QAEXPAU_IplImage@@UCvScalar@@HH@Z 1001e820 f   cvblobslib:blob.obj
 0001:0001d890       ?GetConvexHull@CBlob@@QAEPAUCvSeq@@XZ 1001e890 f   cvblobslib:blob.obj
 0001:0001d8e0       ?JoinBlob@CBlob@@QAEXPAV1@@Z 1001e8e0 f   cvblobslib:blob.obj
 0001:0001d9c0       _cvCloneSeq                1001e9c0 f i cvblobslib:blob.obj
 0001:0001da00       ?cvSlice@@YA?AUCvSlice@@HH@Z 1001ea00 f i cvblobslib:blob.obj
 0001:0001da20       ?GetStartPoint@CBlobContour@@IBE?AUCvPoint@@XZ 1001ea20 f i cvblobslib:blob.obj
 0001:0001da50       ??0?$list@VCBlobContour@@V?$allocator@VCBlobContour@@@std@@@std@@QAE@XZ 1001ea50 f i cvblobslib:blob.obj
 0001:0001dad0       ??0?$list@VCBlobContour@@V?$allocator@VCBlobContour@@@std@@@std@@QAE@I@Z 1001ead0 f i cvblobslib:blob.obj
 0001:0001dba0       ??1?$list@VCBlobContour@@V?$allocator@VCBlobContour@@@std@@@std@@QAE@XZ 1001eba0 f i cvblobslib:blob.obj
 0001:0001dc00       ??4?$list@VCBlobContour@@V?$allocator@VCBlobContour@@@std@@@std@@QAEAAV01@ABV01@@Z 1001ec00 f i cvblobslib:blob.obj
 0001:0001dc50       ?begin@?$list@VCBlobContour@@V?$allocator@VCBlobContour@@@std@@@std@@QAE?AV?$_Iterator@$00@12@XZ 1001ec50 f i cvblobslib:blob.obj
 0001:0001dc80       ?begin@?$list@VCBlobContour@@V?$allocator@VCBlobContour@@@std@@@std@@QBE?AV?$_Const_iterator@$00@12@XZ 1001ec80 f i cvblobslib:blob.obj
 0001:0001dcb0       ?end@?$list@VCBlobContour@@V?$allocator@VCBlobContour@@@std@@@std@@QAE?AV?$_Iterator@$00@12@XZ 1001ecb0 f i cvblobslib:blob.obj
 0001:0001dce0       ?end@?$list@VCBlobContour@@V?$allocator@VCBlobContour@@@std@@@std@@QBE?AV?$_Const_iterator@$00@12@XZ 1001ece0 f i cvblobslib:blob.obj
 0001:0001dd10       ?size@?$list@VCBlobContour@@V?$allocator@VCBlobContour@@@std@@@std@@QBEIXZ 1001ed10 f i cvblobslib:blob.obj
 0001:0001dd30       ?push_back@?$list@VCBlobContour@@V?$allocator@VCBlobContour@@@std@@@std@@QAEXABVCBlobContour@@@Z 1001ed30 f i cvblobslib:blob.obj
 0001:0001dd70       ?clear@?$list@VCBlobContour@@V?$allocator@VCBlobContour@@@std@@@std@@QAEXXZ 1001ed70 f i cvblobslib:blob.obj
 0001:0001de10       ??0?$_Const_iterator@$00@?$list@VCBlobContour@@V?$allocator@VCBlobContour@@@std@@@std@@QAE@XZ 1001ee10 f i cvblobslib:blob.obj
 0001:0001de30       ??D?$_Const_iterator@$00@?$list@VCBlobContour@@V?$allocator@VCBlobContour@@@std@@@std@@QBEABVCBlobContour@@XZ 1001ee30 f i cvblobslib:blob.obj
 0001:0001de90       ??E?$_Const_iterator@$00@?$list@VCBlobContour@@V?$allocator@VCBlobContour@@@std@@@std@@QAE?AV012@H@Z 1001ee90 f i cvblobslib:blob.obj
 0001:0001ded0       ??9?$_Const_iterator@$00@?$list@VCBlobContour@@V?$allocator@VCBlobContour@@@std@@@std@@QBE_NABV012@@Z 1001eed0 f i cvblobslib:blob.obj
 0001:0001df00       ??0?$_Iterator@$00@?$list@VCBlobContour@@V?$allocator@VCBlobContour@@@std@@@std@@QAE@XZ 1001ef00 f i cvblobslib:blob.obj
 0001:0001df20       ??D?$_Iterator@$00@?$list@VCBlobContour@@V?$allocator@VCBlobContour@@@std@@@std@@QBEAAVCBlobContour@@XZ 1001ef20 f i cvblobslib:blob.obj
 0001:0001df40       ??E?$_Iterator@$00@?$list@VCBlobContour@@V?$allocator@VCBlobContour@@@std@@@std@@QAE?AV012@H@Z 1001ef40 f i cvblobslib:blob.obj
 0001:0001df80       ??1?$_List_val@VCBlobContour@@V?$allocator@VCBlobContour@@@std@@@std@@QAE@XZ 1001ef80 f i cvblobslib:blob.obj
 0001:0001dfa0       ??0?$_Ranit@PAVCBlob@@HPBQAV1@ABQAV1@@std@@QAE@XZ 1001efa0 f i cvblobslib:BlobResult.obj
 0001:0001dfa0       ??0?$_Bidit@VCBlobContour@@HPBV1@ABV1@@std@@QAE@XZ 1001efa0 f i cvblobslib:blob.obj
 0001:0001dfc0       ??1?$_List_ptr@VCBlobContour@@V?$allocator@VCBlobContour@@@std@@@std@@QAE@XZ 1001efc0 f i cvblobslib:blob.obj
 0001:0001dfe0       ?_Nextnode@?$list@VCBlobContour@@V?$allocator@VCBlobContour@@@std@@@std@@KAAAPAU_Node@?$_List_nod@VCBlobContour@@V?$allocator@VCBlobContour@@@std@@@2@PAU342@@Z 1001efe0 f i cvblobslib:blob.obj
 0001:0001dff0       ?_Prevnode@?$list@VCBlobContour@@V?$allocator@VCBlobContour@@@std@@@std@@KAAAPAU_Node@?$_List_nod@VCBlobContour@@V?$allocator@VCBlobContour@@@std@@@2@PAU342@@Z 1001eff0 f i cvblobslib:blob.obj
 0001:0001e000       ?_Myval@?$list@VCBlobContour@@V?$allocator@VCBlobContour@@@std@@@std@@KAAAVCBlobContour@@PAU_Node@?$_List_nod@VCBlobContour@@V?$allocator@VCBlobContour@@@std@@@2@@Z 1001f000 f i cvblobslib:blob.obj
 0001:0001e010       ?_Construct_n@?$list@VCBlobContour@@V?$allocator@VCBlobContour@@@std@@@std@@QAEXIABVCBlobContour@@@Z 1001f010 f i cvblobslib:blob.obj
 0001:0001e0c0       ?_Insert@?$list@VCBlobContour@@V?$allocator@VCBlobContour@@@std@@@std@@QAEXV?$_Const_iterator@$00@12@ABVCBlobContour@@@Z 1001f0c0 f i cvblobslib:blob.obj
 0001:0001e140       ?_Buynode@?$list@VCBlobContour@@V?$allocator@VCBlobContour@@@std@@@std@@IAEPAU_Node@?$_List_nod@VCBlobContour@@V?$allocator@VCBlobContour@@@std@@@2@XZ 1001f140 f i cvblobslib:blob.obj
 0001:0001e240       ?_Tidy@?$list@VCBlobContour@@V?$allocator@VCBlobContour@@@std@@@std@@IAEXXZ 1001f240 f i cvblobslib:blob.obj
 0001:0001e2b0       ??0?$_List_val@VCBlobContour@@V?$allocator@VCBlobContour@@@std@@@std@@QAE@V?$allocator@VCBlobContour@@@1@@Z 1001f2b0 f i cvblobslib:blob.obj
 0001:0001e2f0       ?deallocate@?$allocator@U_Node@?$_List_nod@VCBlobContour@@V?$allocator@VCBlobContour@@@std@@@std@@@std@@QAEXPAU_Node@?$_List_nod@VCBlobContour@@V?$allocator@VCBlobContour@@@std@@@2@I@Z 1001f2f0 f i cvblobslib:blob.obj
 0001:0001e2f0       ?deallocate@?$allocator@PAVCBlob@@@std@@QAEXPAPAVCBlob@@I@Z 1001f2f0 f i cvblobslib:BlobResult.obj
 0001:0001e310       ?destroy@?$allocator@U_Node@?$_List_nod@VCBlobContour@@V?$allocator@VCBlobContour@@@std@@@std@@@std@@QAEXPAU_Node@?$_List_nod@VCBlobContour@@V?$allocator@VCBlobContour@@@std@@@2@@Z 1001f310 f i cvblobslib:blob.obj
 0001:0001e330       ??0?$_Const_iterator@$00@?$list@VCBlobContour@@V?$allocator@VCBlobContour@@@std@@@std@@QAE@PAU_Node@?$_List_nod@VCBlobContour@@V?$allocator@VCBlobContour@@@std@@@2@PBV12@@Z 1001f330 f i cvblobslib:blob.obj
 0001:0001e380       ??E?$_Const_iterator@$00@?$list@VCBlobContour@@V?$allocator@VCBlobContour@@@std@@@std@@QAEAAV012@XZ 1001f380 f i cvblobslib:blob.obj
 0001:0001e3f0       ??8?$_Const_iterator@$00@?$list@VCBlobContour@@V?$allocator@VCBlobContour@@@std@@@std@@QBE_NABV012@@Z 1001f3f0 f i cvblobslib:blob.obj
 0001:0001e450       ??0?$_Iterator@$00@?$list@VCBlobContour@@V?$allocator@VCBlobContour@@@std@@@std@@QAE@PAU_Node@?$_List_nod@VCBlobContour@@V?$allocator@VCBlobContour@@@std@@@2@PBV12@@Z 1001f450 f i cvblobslib:blob.obj
 0001:0001e470       ??E?$_Iterator@$00@?$list@VCBlobContour@@V?$allocator@VCBlobContour@@@std@@@std@@QAEAAV012@XZ 1001f470 f i cvblobslib:blob.obj
 0001:0001e490       ?_Buynode@?$list@VCBlobContour@@V?$allocator@VCBlobContour@@@std@@@std@@IAEPAU_Node@?$_List_nod@VCBlobContour@@V?$allocator@VCBlobContour@@@std@@@2@PAU342@0ABVCBlobContour@@@Z 1001f490 f i cvblobslib:blob.obj
 0001:0001e5e0       ?_Insert_n@?$list@VCBlobContour@@V?$allocator@VCBlobContour@@@std@@@std@@IAEXV?$_Const_iterator@$00@12@IABVCBlobContour@@@Z 1001f5e0 f i cvblobslib:blob.obj
 0001:0001e6c0       ?_Incsize@?$list@VCBlobContour@@V?$allocator@VCBlobContour@@@std@@@std@@IAEXI@Z 1001f6c0 f i cvblobslib:blob.obj
 0001:0001e760       ??0?$_List_ptr@VCBlobContour@@V?$allocator@VCBlobContour@@@std@@@std@@IAE@V?$allocator@VCBlobContour@@@1@@Z 1001f760 f i cvblobslib:blob.obj
 0001:0001e7a0       ?allocate@?$allocator@U_Node@?$_List_nod@VCBlobContour@@V?$allocator@VCBlobContour@@@std@@@std@@@std@@QAEPAU_Node@?$_List_nod@VCBlobContour@@V?$allocator@VCBlobContour@@@std@@@2@I@Z 1001f7a0 f i cvblobslib:blob.obj
 0001:0001e7c0       ?construct@?$allocator@PAU_Node@?$_List_nod@VCBlobContour@@V?$allocator@VCBlobContour@@@std@@@std@@@std@@QAEXPAPAU_Node@?$_List_nod@VCBlobContour@@V?$allocator@VCBlobContour@@@std@@@2@ABQAU342@@Z 1001f7c0 f i cvblobslib:blob.obj
 0001:0001e7e0       ?destroy@?$allocator@PAU_Node@?$_List_nod@VCBlobContour@@V?$allocator@VCBlobContour@@@std@@@std@@@std@@QAEXPAPAU_Node@?$_List_nod@VCBlobContour@@V?$allocator@VCBlobContour@@@std@@@2@@Z 1001f7e0 f i cvblobslib:blob.obj
 0001:0001e800       ?_Mynode@?$_Const_iterator@$00@?$list@VCBlobContour@@V?$allocator@VCBlobContour@@@std@@@std@@QBEPAU_Node@?$_List_nod@VCBlobContour@@V?$allocator@VCBlobContour@@@std@@@3@XZ 1001f800 f i cvblobslib:blob.obj
 0001:0001e800       ?_Checked_iterator_base@?$_Vector_iterator@NV?$allocator@N@std@@@std@@QBEPANXZ 1001f800 f i cvblobslib:BlobResult.obj
 0001:0001e800       ?_Checked_iterator_base@?$_Vector_const_iterator@NV?$allocator@N@std@@@std@@QBEPBNXZ 1001f800 f i cvblobslib:BlobResult.obj
 0001:0001e820       ?max_size@?$list@VCBlobContour@@V?$allocator@VCBlobContour@@@std@@@std@@QBEIXZ 1001f820 f i cvblobslib:blob.obj
 0001:0001e840       ?erase@?$list@VCBlobContour@@V?$allocator@VCBlobContour@@@std@@@std@@QAE?AV?$_Iterator@$00@12@V?$_Const_iterator@$00@12@@Z 1001f840 f i cvblobslib:blob.obj
 0001:0001e910       ?construct@?$allocator@VCBlobContour@@@std@@QAEXPAVCBlobContour@@ABV3@@Z 1001f910 f i cvblobslib:blob.obj
 0001:0001e930       ??F?$_Const_iterator@$00@?$list@VCBlobContour@@V?$allocator@VCBlobContour@@@std@@@std@@QAEAAV012@XZ 1001f930 f i cvblobslib:blob.obj
 0001:0001e9a0       ?_Make_iter@?$list@VCBlobContour@@V?$allocator@VCBlobContour@@@std@@@std@@QBE?AV?$_Iterator@$00@12@V?$_Const_iterator@$00@12@@Z 1001f9a0 f i cvblobslib:blob.obj
 0001:0001e9c0       ?max_size@?$allocator@VCBlobContour@@@std@@QBEIXZ 1001f9c0 f i cvblobslib:blob.obj
 0001:0001e9f0       ??$assign@V?$_Const_iterator@$00@?$list@VCBlobContour@@V?$allocator@VCBlobContour@@@std@@@std@@@?$list@VCBlobContour@@V?$allocator@VCBlobContour@@@std@@@std@@QAEXV?$_Const_iterator@$00@01@0@Z 1001f9f0 f i cvblobslib:blob.obj
 0001:0001ea30       ??$_Destroy@U_Node@?$_List_nod@VCBlobContour@@V?$allocator@VCBlobContour@@@std@@@std@@@std@@YAXPAU_Node@?$_List_nod@VCBlobContour@@V?$allocator@VCBlobContour@@@std@@@0@@Z 1001fa30 f i cvblobslib:blob.obj
 0001:0001ea40       ??$_Allocate@U_Node@?$_List_nod@VCBlobContour@@V?$allocator@VCBlobContour@@@std@@@std@@@std@@YAPAU_Node@?$_List_nod@VCBlobContour@@V?$allocator@VCBlobContour@@@std@@@0@IPAU120@@Z 1001fa40 f i cvblobslib:blob.obj
 0001:0001eaa0       ??$_Construct@PAU_Node@?$_List_nod@VCBlobContour@@V?$allocator@VCBlobContour@@@std@@@std@@PAU123@@std@@YAXPAPAU_Node@?$_List_nod@VCBlobContour@@V?$allocator@VCBlobContour@@@std@@@0@ABQAU120@@Z 1001faa0 f i cvblobslib:blob.obj
 0001:0001eae0       ??$_Construct@VCBlobContour@@V1@@std@@YAXPAVCBlobContour@@ABV1@@Z 1001fae0 f i cvblobslib:blob.obj
 0001:0001eb30       ??_G_Node@?$_List_nod@VCBlobContour@@V?$allocator@VCBlobContour@@@std@@@std@@QAEPAXI@Z 1001fb30 f i cvblobslib:blob.obj
 0001:0001eb60       ??1_Node@?$_List_nod@VCBlobContour@@V?$allocator@VCBlobContour@@@std@@@std@@QAE@XZ 1001fb60 f i cvblobslib:blob.obj
 0001:0001eb80       ??$_Iter_cat@PAPAVCBlob@@@std@@YA?AUrandom_access_iterator_tag@0@ABQAPAVCBlob@@@Z 1001fb80 f i cvblobslib:BlobResult.obj
 0001:0001eb80       ??$_Iter_random@PAPAVCBlob@@PAPAV1@@std@@YA?AUrandom_access_iterator_tag@0@ABQAPAVCBlob@@0@Z 1001fb80 f i cvblobslib:BlobResult.obj
 0001:0001eb80       ??$_Iter_cat@V?$_Const_iterator@$00@?$list@VCBlobContour@@V?$allocator@VCBlobContour@@@std@@@std@@@std@@YA?AUbidirectional_iterator_tag@0@ABV?$_Const_iterator@$00@?$list@VCBlobContour@@V?$allocator@VCBlobContour@@@std@@@0@@Z 1001fb80 f i cvblobslib:blob.obj
 0001:0001eb90       ??$_Assign@V?$_Const_iterator@$00@?$list@VCBlobContour@@V?$allocator@VCBlobContour@@@std@@@std@@@?$list@VCBlobContour@@V?$allocator@VCBlobContour@@@std@@@std@@QAEXV?$_Const_iterator@$00@01@0Uinput_iterator_tag@1@@Z 1001fb90 f i cvblobslib:blob.obj
 0001:0001ebe0       ??$insert@V?$_Const_iterator@$00@?$list@VCBlobContour@@V?$allocator@VCBlobContour@@@std@@@std@@@?$list@VCBlobContour@@V?$allocator@VCBlobContour@@@std@@@std@@QAEXV?$_Const_iterator@$00@01@00@Z 1001fbe0 f i cvblobslib:blob.obj
 0001:0001ec30       ??$_Insert@V?$_Const_iterator@$00@?$list@VCBlobContour@@V?$allocator@VCBlobContour@@@std@@@std@@@?$list@VCBlobContour@@V?$allocator@VCBlobContour@@@std@@@std@@QAEXV?$_Const_iterator@$00@01@00Uforward_iterator_tag@1@@Z 1001fc30 f i cvblobslib:blob.obj
 0001:0001ed30       ??0CBlobResult@@QAE@XZ     1001fd30 f   cvblobslib:BlobResult.obj
 0001:0001edc0       ??0CBlobResult@@QAE@PAU_IplImage@@0E@Z 1001fdc0 f   cvblobslib:BlobResult.obj
 0001:0001ee90       ??0CBlobResult@@QAE@ABV0@@Z 1001fe90 f   cvblobslib:BlobResult.obj
 0001:0001f020       ??1CBlobResult@@UAE@XZ     10020020 f   cvblobslib:BlobResult.obj
 0001:0001f080       ??4CBlobResult@@QAEAAV0@ABV0@@Z 10020080 f   cvblobslib:BlobResult.obj
 0001:0001f220       ??HCBlobResult@@QBE?AV0@ABV0@@Z 10020220 f   cvblobslib:BlobResult.obj
 0001:0001f370       ?AddBlob@CBlobResult@@QAEXPAVCBlob@@@Z 10020370 f   cvblobslib:BlobResult.obj
 0001:0001f410       ?GetSTLResult@CBlobResult@@QBE?AV?$vector@NV?$allocator@N@std@@@std@@PAVCOperadorBlob@@@Z 10020410 f   cvblobslib:BlobResult.obj
 0001:0001f540       ?GetNumber@CBlobResult@@QBENHPAVCOperadorBlob@@@Z 10020540 f   cvblobslib:BlobResult.obj
 0001:0001f590       ?Filter@CBlobResult@@QBEXAAV1@HPAVCOperadorBlob@@HNN@Z 10020590 f   cvblobslib:BlobResult.obj
 0001:0001f5d0       ?Filter@CBlobResult@@QAEXAAV1@HPAVCOperadorBlob@@HNN@Z 100205d0 f   cvblobslib:BlobResult.obj
 0001:0001f6d0       ?DoFilter@CBlobResult@@ABEXAAV1@HPAVCOperadorBlob@@HNN@Z 100206d0 f   cvblobslib:BlobResult.obj
 0001:00020010       ?GetBlob@CBlobResult@@QBE?AVCBlob@@H@Z 10021010 f   cvblobslib:BlobResult.obj
 0001:00020070       ?GetBlob@CBlobResult@@QAEPAVCBlob@@H@Z 10021070 f   cvblobslib:BlobResult.obj
 0001:000200b0       ?GetNthBlob@CBlobResult@@QBEXPAVCOperadorBlob@@HAAVCBlob@@@Z 100210b0 f   cvblobslib:BlobResult.obj
 0001:00020370       ?ClearBlobs@CBlobResult@@QAEXXZ 10021370 f   cvblobslib:BlobResult.obj
 0001:00020400       ?RaiseError@CBlobResult@@ABEXH@Z 10021400 f   cvblobslib:BlobResult.obj
 0001:000204f0       ?PrintBlobs@CBlobResult@@QBEXPAD@Z 100214f0 f   cvblobslib:BlobResult.obj
 0001:00020a80       ??_ECBlobResult@@UAEPAXI@Z 10021a80 f i cvblobslib:BlobResult.obj
 0001:00020a80       ??_GCBlobResult@@UAEPAXI@Z 10021a80 f i cvblobslib:BlobResult.obj
 0001:00020ab0       ??_GCBlob@@QAEPAXI@Z       10021ab0 f i cvblobslib:BlobResult.obj
 0001:00020ae0       ??BCOperadorBlob@@QAEPAV0@XZ 10021ae0 f i cvblobslib:BlobResult.obj
 0001:00020ae0       ??0?$allocator@VCBlobContour@@@std@@QAE@XZ 10021ae0 f i cvblobslib:blob.obj
 0001:00020ae0       ??0?$allocator@PAVCBlob@@@std@@QAE@XZ 10021ae0 f i cvblobslib:BlobResult.obj
 0001:00020af0       ??0CBlobGetExterior@@QAE@XZ 10021af0 f i cvblobslib:BlobResult.obj
[...]
 0001:0005165f       __unwindfunclet$?compare@cv@@YAXABVMat@1@NAAV21@H@Z$8 1005265f f   cxcore210:cxarithm.obj
 0001:0005166b       __unwindfunclet$?compare@cv@@YAXABVMat@1@NAAV21@H@Z$9 1005266b f   cxcore210:cxarithm.obj
 0001:00051677       __unwindfunclet$?compare@cv@@YAXABVMat@1@NAAV21@H@Z$10 10052677 f   cxcore210:cxarithm.obj
 0001:00051683       __unwindfunclet$?compare@cv@@YAXABVMat@1@NAAV21@H@Z$11 10052683 f   cxcore210:cxarithm.obj
 0001:0005168e       __unwindfunclet$?compare@cv@@YAXABVMat@1@NAAV21@H@Z$4 1005268e f   cxcore210:cxarithm.obj
 0001:0005169a       __unwindfunclet$?compare@cv@@YAXABVMat@1@NAAV21@H@Z$5 1005269a f   cxcore210:cxarithm.obj
 0001:000516a6       __unwindfunclet$?compare@cv@@YAXABVMat@1@NAAV21@H@Z$6 100526a6 f   cxcore210:cxarithm.obj
 0001:000516b2       __unwindfunclet$?compare@cv@@YAXABVMat@1@NAAV21@H@Z$7 100526b2 f   cxcore210:cxarithm.obj
 0001:000516bd       __ehhandler$?compare@cv@@YAXABVMat@1@NAAV21@H@Z 100526bd f   cxcore210:cxarithm.obj
 0001:000516e0       __unwindfunclet$?pow@cv@@YAXABVMat@1@NAAV21@@Z$0 100526e0 f   cxcore210:cxmathfuncs.obj
 0001:000516ec       __unwindfunclet$?pow@cv@@YAXABVMat@1@NAAV21@@Z$1 100526ec f   cxcore210:cxmathfuncs.obj
 0001:000516f8       __unwindfunclet$?pow@cv@@YAXABVMat@1@NAAV21@@Z$2 100526f8 f   cxcore210:cxmathfuncs.obj
 0001:00051704       __unwindfunclet$?pow@cv@@YAXABVMat@1@NAAV21@@Z$3 10052704 f   cxcore210:cxmathfuncs.obj
 0001:0005170f       __unwindfunclet$?pow@cv@@YAXABVMat@1@NAAV21@@Z$4 1005270f f   cxcore210:cxmathfuncs.obj
 0001:0005171b       __unwindfunclet$?pow@cv@@YAXABVMat@1@NAAV21@@Z$5 1005271b f   cxcore210:cxmathfuncs.obj
 0001:00051727       __unwindfunclet$?pow@cv@@YAXABVMat@1@NAAV21@@Z$6 10052727 f   cxcore210:cxmathfuncs.obj
 0001:00051733       __unwindfunclet$?pow@cv@@YAXABVMat@1@NAAV21@@Z$7 10052733 f   cxcore210:cxmathfuncs.obj
 0001:0005173e       __ehhandler$?pow@cv@@YAXABVMat@1@NAAV21@@Z 1005273e f   cxcore210:cxmathfuncs.obj
 0001:00051760       __unwindfunclet$_cvPow$0   10052760 f   cxcore210:cxmathfuncs.obj
 0001:0005176b       __unwindfunclet$_cvPow$1   1005276b f   cxcore210:cxmathfuncs.obj
 0001:00051776       __unwindfunclet$_cvPow$2   10052776 f   cxcore210:cxmathfuncs.obj
 0001:00051782       __unwindfunclet$_cvPow$3   10052782 f   cxcore210:cxmathfuncs.obj
 0001:0005178e       __unwindfunclet$_cvPow$4   1005278e f   cxcore210:cxmathfuncs.obj
 0001:0005179a       __unwindfunclet$_cvPow$5   1005279a f   cxcore210:cxmathfuncs.obj
 0001:000517a5       __ehhandler$_cvPow         100527a5 f   cxcore210:cxmathfuncs.obj
 0001:000517d0       __unwindfunclet$_cvArcLength$0 100527d0 f   cv210:cvshapedescr.obj
 0001:000517dc       __unwindfunclet$_cvArcLength$1 100527dc f   cv210:cvshapedescr.obj
 0001:000517e8       __unwindfunclet$_cvArcLength$2 100527e8 f   cv210:cvshapedescr.obj
 0001:000517f4       __unwindfunclet$_cvArcLength$3 100527f4 f   cv210:cvshapedescr.obj
 0001:000517ff       __ehhandler$_cvArcLength   100527ff f   cv210:cvshapedescr.obj
 0001:00051820       __unwindfunclet$_cvContourArea$0 10052820 f   cv210:cvshapedescr.obj
 0001:0005182c       __unwindfunclet$_cvContourArea$1 1005282c f   cv210:cvshapedescr.obj
 0001:00051838       __unwindfunclet$_cvContourArea$2 10052838 f   cv210:cvshapedescr.obj
 0001:00051844       __unwindfunclet$_cvContourArea$3 10052844 f   cv210:cvshapedescr.obj
 0001:0005184f       __unwindfunclet$_cvContourArea$4 1005284f f   cv210:cvshapedescr.obj
 0001:0005185b       __unwindfunclet$_cvContourArea$5 1005285b f   cv210:cvshapedescr.obj
 0001:00051867       __unwindfunclet$_cvContourArea$6 10052867 f   cv210:cvshapedescr.obj
 0001:00051873       __unwindfunclet$_cvContourArea$7 10052873 f   cv210:cvshapedescr.obj
 0001:0005187e       __unwindfunclet$_cvContourArea$8 1005287e f   cv210:cvshapedescr.obj
 0001:0005188a       __unwindfunclet$_cvContourArea$9 1005288a f   cv210:cvshapedescr.obj
 0001:00051896       __unwindfunclet$_cvContourArea$10 10052896 f   cv210:cvshapedescr.obj
 0001:000518a2       __unwindfunclet$_cvContourArea$11 100528a2 f   cv210:cvshapedescr.obj
 0001:000518ad       __unwindfunclet$_cvContourArea$12 100528ad f   cv210:cvshapedescr.obj
 0001:000518b9       __unwindfunclet$_cvContourArea$13 100528b9 f   cv210:cvshapedescr.obj
 0001:000518c5       __unwindfunclet$_cvContourArea$14 100528c5 f   cv210:cvshapedescr.obj
 0001:000518d1       __unwindfunclet$_cvContourArea$15 100528d1 f   cv210:cvshapedescr.obj
 0001:000518dc       __ehhandler$_cvContourArea 100528dc f   cv210:cvshapedescr.obj
 0001:00051900       __unwindfunclet$_cvBoundingRect$0 10052900 f   cv210:cvshapedescr.obj
 0001:0005190c       __unwindfunclet$_cvBoundingRect$1 1005290c f   cv210:cvshapedescr.obj
 0001:00051918       __unwindfunclet$_cvBoundingRect$2 10052918 f   cv210:cvshapedescr.obj
 0001:00051924       __unwindfunclet$_cvBoundingRect$3 10052924 f   cv210:cvshapedescr.obj
 0001:0005192f       __unwindfunclet$_cvBoundingRect$4 1005292f f   cv210:cvshapedescr.obj
 0001:0005193b       __unwindfunclet$_cvBoundingRect$5 1005293b f   cv210:cvshapedescr.obj
 0001:00051947       __unwindfunclet$_cvBoundingRect$6 10052947 f   cv210:cvshapedescr.obj
 0001:00051953       __unwindfunclet$_cvBoundingRect$7 10052953 f   cv210:cvshapedescr.obj
 0001:0005195e       __ehhandler$_cvBoundingRect 1005295e f   cv210:cvshapedescr.obj
 0001:00051980       __unwindfunclet$?icvCalcAndWritePtIndices@@YAXPAPAUCvPoint@@PAHHHPAUCvSeq@@PAUCvSeqWriter@@@Z$0 10052980 f   cv210:cvconvhull.obj
 0001:0005198c       __unwindfunclet$?icvCalcAndWritePtIndices@@YAXPAPAUCvPoint@@PAHHHPAUCvSeq@@PAUCvSeqWriter@@@Z$1 1005298c f   cv210:cvconvhull.obj
 0001:00051998       __unwindfunclet$?icvCalcAndWritePtIndices@@YAXPAPAUCvPoint@@PAHHHPAUCvSeq@@PAUCvSeqWriter@@@Z$2 10052998 f   cv210:cvconvhull.obj
 0001:000519a4       __unwindfunclet$?icvCalcAndWritePtIndices@@YAXPAPAUCvPoint@@PAHHHPAUCvSeq@@PAUCvSeqWriter@@@Z$3 100529a4 f   cv210:cvconvhull.obj
 0001:000519af       __ehhandler$?icvCalcAndWritePtIndices@@YAXPAPAUCvPoint@@PAHHHPAUCvSeq@@PAUCvSeqWriter@@@Z 100529af f   cv210:cvconvhull.obj
 0001:000519d0       __unwindfunclet$_cvConvexHull2$1 100529d0 f   cv210:cvconvhull.obj
 0001:000519db       __unwindfunclet$_cvConvexHull2$2 100529db f   cv210:cvconvhull.obj
 0001:000519e6       __unwindfunclet$_cvConvexHull2$3 100529e6 f   cv210:cvconvhull.obj
 0001:000519f2       __unwindfunclet$_cvConvexHull2$4 100529f2 f   cv210:cvconvhull.obj
 0001:000519fe       __unwindfunclet$_cvConvexHull2$5 100529fe f   cv210:cvconvhull.obj
 0001:00051a0a       __unwindfunclet$_cvConvexHull2$6 10052a0a f   cv210:cvconvhull.obj
 0001:00051a15       __unwindfunclet$_cvConvexHull2$7 10052a15 f   cv210:cvconvhull.obj
 0001:00051a21       __unwindfunclet$_cvConvexHull2$8 10052a21 f   cv210:cvconvhull.obj
 0001:00051a2d       __unwindfunclet$_cvConvexHull2$9 10052a2d f   cv210:cvconvhull.obj
 0001:00051a39       __unwindfunclet$_cvConvexHull2$10 10052a39 f   cv210:cvconvhull.obj
 0001:00051a44       __unwindfunclet$_cvConvexHull2$11 10052a44 f   cv210:cvconvhull.obj
 0001:00051a50       __unwindfunclet$_cvConvexHull2$12 10052a50 f   cv210:cvconvhull.obj
 0001:00051a5c       __unwindfunclet$_cvConvexHull2$13 10052a5c f   cv210:cvconvhull.obj
 0001:00051a68       __unwindfunclet$_cvConvexHull2$14 10052a68 f   cv210:cvconvhull.obj
 0001:00051a73       __unwindfunclet$_cvConvexHull2$15 10052a73 f   cv210:cvconvhull.obj
 0001:00051a7f       __unwindfunclet$_cvConvexHull2$16 10052a7f f   cv210:cvconvhull.obj
 0001:00051a8b       __unwindfunclet$_cvConvexHull2$17 10052a8b f   cv210:cvconvhull.obj
 0001:00051a97       __unwindfunclet$_cvConvexHull2$18 10052a97 f   cv210:cvconvhull.obj
 0001:00051aa2       __unwindfunclet$_cvConvexHull2$19 10052aa2 f   cv210:cvconvhull.obj
 0001:00051aae       __unwindfunclet$_cvConvexHull2$20 10052aae f   cv210:cvconvhull.obj
 0001:00051aba       __unwindfunclet$_cvConvexHull2$21 10052aba f   cv210:cvconvhull.obj
 0001:00051ac6       __unwindfunclet$_cvConvexHull2$22 10052ac6 f   cv210:cvconvhull.obj
 0001:00051ad1       __unwindfunclet$_cvConvexHull2$23 10052ad1 f   cv210:cvconvhull.obj
 0001:00051add       __unwindfunclet$_cvConvexHull2$24 10052add f   cv210:cvconvhull.obj
 0001:00051ae9       __unwindfunclet$_cvConvexHull2$25 10052ae9 f   cv210:cvconvhull.obj
 0001:00051af5       __unwindfunclet$_cvConvexHull2$26 10052af5 f   cv210:cvconvhull.obj
 0001:00051b00       __ehhandler$_cvConvexHull2 10052b00 f   cv210:cvconvhull.obj
 0001:00051b30       __unwindfunclet$??0Mat@cv@@QAE@ABV01@ABV?$Rect_@H@1@@Z$0 10052b30 f   cv210:cvmoments.obj
 0001:00051b3c       __unwindfunclet$??0Mat@cv@@QAE@ABV01@ABV?$Rect_@H@1@@Z$1 10052b3c f   cv210:cvmoments.obj
 0001:00051b48       __unwindfunclet$??0Mat@cv@@QAE@ABV01@ABV?$Rect_@H@1@@Z$2 10052b48 f   cv210:cvmoments.obj
 0001:00051b54       __unwindfunclet$??0Mat@cv@@QAE@ABV01@ABV?$Rect_@H@1@@Z$3 10052b54 f   cv210:cvmoments.obj
 0001:00051b5f       __ehhandler$??0Mat@cv@@QAE@ABV01@ABV?$Rect_@H@1@@Z 10052b5f f   cv210:cvmoments.obj
 0001:00051b80       __unwindfunclet$_cvGetSpatialMoment$0 10052b80 f   cv210:cvmoments.obj
 0001:00051b8c       __unwindfunclet$_cvGetSpatialMoment$1 10052b8c f   cv210:cvmoments.obj
 0001:00051b98       __unwindfunclet$_cvGetSpatialMoment$2 10052b98 f   cv210:cvmoments.obj
 0001:00051ba4       __unwindfunclet$_cvGetSpatialMoment$3 10052ba4 f   cv210:cvmoments.obj
 0001:00051baf       __unwindfunclet$_cvGetSpatialMoment$4 10052baf f   cv210:cvmoments.obj
 0001:00051bbb       __unwindfunclet$_cvGetSpatialMoment$5 10052bbb f   cv210:cvmoments.obj
 0001:00051bc7       __unwindfunclet$_cvGetSpatialMoment$6 10052bc7 f   cv210:cvmoments.obj
 0001:00051bd3       __unwindfunclet$_cvGetSpatialMoment$7 10052bd3 f   cv210:cvmoments.obj
 0001:00051bde       __ehhandler$_cvGetSpatialMoment 10052bde f   cv210:cvmoments.obj
 0001:00051c00       __unwindfunclet$_cvMoments$0 10052c00 f   cv210:cvmoments.obj
 0001:00051c0c       __unwindfunclet$_cvMoments$1 10052c0c f   cv210:cvmoments.obj
 0001:00051c18       __unwindfunclet$_cvMoments$2 10052c18 f   cv210:cvmoments.obj
 0001:00051c24       __unwindfunclet$_cvMoments$3 10052c24 f   cv210:cvmoments.obj
 0001:00051c2f       __unwindfunclet$_cvMoments$4 10052c2f f   cv210:cvmoments.obj
 0001:00051c3b       __unwindfunclet$_cvMoments$5 10052c3b f   cv210:cvmoments.obj
 0001:00051c47       __unwindfunclet$_cvMoments$6 10052c47 f   cv210:cvmoments.obj
 0001:00051c53       __unwindfunclet$_cvMoments$7 10052c53 f   cv210:cvmoments.obj
 0001:00051c5e       __unwindfunclet$_cvMoments$8 10052c5e f   cv210:cvmoments.obj
 0001:00051c6a       __unwindfunclet$_cvMoments$9 10052c6a f   cv210:cvmoments.obj
 0001:00051c76       __unwindfunclet$_cvMoments$10 10052c76 f   cv210:cvmoments.obj
 0001:00051c82       __unwindfunclet$_cvMoments$11 10052c82 f   cv210:cvmoments.obj
 0001:00051c8d       __unwindfunclet$_cvMoments$12 10052c8d f   cv210:cvmoments.obj
 0001:00051c99       __unwindfunclet$_cvMoments$13 10052c99 f   cv210:cvmoments.obj
 0001:00051ca5       __unwindfunclet$_cvMoments$14 10052ca5 f   cv210:cvmoments.obj
 0001:00051cb1       __unwindfunclet$_cvMoments$15 10052cb1 f   cv210:cvmoments.obj
 0001:00051cbc       __unwindfunclet$_cvMoments$16 10052cbc f   cv210:cvmoments.obj
 0001:00051cc7       __unwindfunclet$_cvMoments$17 10052cc7 f   cv210:cvmoments.obj
 0001:00051cd2       __unwindfunclet$_cvMoments$18 10052cd2 f   cv210:cvmoments.obj
 0001:00051cdd       __unwindfunclet$_cvMoments$19 10052cdd f   cv210:cvmoments.obj
 0001:00051ce8       __ehhandler$_cvMoments     10052ce8 f   cv210:cvmoments.obj
 0001:00051d20       __unwindfunclet$?icvApproximateChainTC89@@YAPAUCvSeq@@PAUCvChain@@HPAUCvMemStorage@@H@Z$2 10052d20 f   cv210:cvapprox.obj
 0001:00051d2b       __unwindfunclet$?icvApproximateChainTC89@@YAPAUCvSeq@@PAUCvChain@@HPAUCvMemStorage@@H@Z$3 10052d2b f   cv210:cvapprox.obj
 0001:00051d37       __unwindfunclet$?icvApproximateChainTC89@@YAPAUCvSeq@@PAUCvChain@@HPAUCvMemStorage@@H@Z$4 10052d37 f   cv210:cvapprox.obj
 0001:00051d43       __unwindfunclet$?icvApproximateChainTC89@@YAPAUCvSeq@@PAUCvChain@@HPAUCvMemStorage@@H@Z$5 10052d43 f   cv210:cvapprox.obj
 0001:00051d4f       __unwindfunclet$?icvApproximateChainTC89@@YAPAUCvSeq@@PAUCvChain@@HPAUCvMemStorage@@H@Z$6 10052d4f f   cv210:cvapprox.obj
 0001:00051d5a       __unwindfunclet$?icvApproximateChainTC89@@YAPAUCvSeq@@PAUCvChain@@HPAUCvMemStorage@@H@Z$7 10052d5a f   cv210:cvapprox.obj
 0001:00051d66       __unwindfunclet$?icvApproximateChainTC89@@YAPAUCvSeq@@PAUCvChain@@HPAUCvMemStorage@@H@Z$8 10052d66 f   cv210:cvapprox.obj
 0001:00051d72       __unwindfunclet$?icvApproximateChainTC89@@YAPAUCvSeq@@PAUCvChain@@HPAUCvMemStorage@@H@Z$9 10052d72 f   cv210:cvapprox.obj
 0001:00051d7e       __unwindfunclet$?icvApproximateChainTC89@@YAPAUCvSeq@@PAUCvChain@@HPAUCvMemStorage@@H@Z$10 10052d7e f   cv210:cvapprox.obj
 0001:00051d89       __ehhandler$?icvApproximateChainTC89@@YAPAUCvSeq@@PAUCvChain@@HPAUCvMemStorage@@H@Z 10052d89 f   cv210:cvapprox.obj
 0001:00051db0       __unwindfunclet$_cvApproxChains$0 10052db0 f   cv210:cvapprox.obj
 0001:00051dbc       __unwindfunclet$_cvApproxChains$1 10052dbc f   cv210:cvapprox.obj
 0001:00051dc8       __unwindfunclet$_cvApproxChains$2 10052dc8 f   cv210:cvapprox.obj
 0001:00051dd4       __unwindfunclet$_cvApproxChains$3 10052dd4 f   cv210:cvapprox.obj
 0001:00051ddf       __unwindfunclet$_cvApproxChains$4 10052ddf f   cv210:cvapprox.obj
 0001:00051deb       __unwindfunclet$_cvApproxChains$5 10052deb f   cv210:cvapprox.obj
 0001:00051df7       __unwindfunclet$_cvApproxChains$6 10052df7 f   cv210:cvapprox.obj
 0001:00051e03       __unwindfunclet$_cvApproxChains$7 10052e03 f   cv210:cvapprox.obj
 0001:00051e0e       __unwindfunclet$_cvApproxChains$8 10052e0e f   cv210:cvapprox.obj
 0001:00051e1a       __unwindfunclet$_cvApproxChains$9 10052e1a f   cv210:cvapprox.obj
 0001:00051e26       __unwindfunclet$_cvApproxChains$10 10052e26 f   cv210:cvapprox.obj
 0001:00051e32       __unwindfunclet$_cvApproxChains$11 10052e32 f   cv210:cvapprox.obj
 0001:00051e3d       __ehhandler$_cvApproxChains 10052e3d f   cv210:cvapprox.obj
 0001:00051e60       __unwindfunclet$_cvPointPolygonTest$0 10052e60 f   cv210:cvgeometry.obj
 0001:00051e6c       __unwindfunclet$_cvPointPolygonTest$1 10052e6c f   cv210:cvgeometry.obj
 0001:00051e78       __unwindfunclet$_cvPointPolygonTest$2 10052e78 f   cv210:cvgeometry.obj
 0001:00051e84       __unwindfunclet$_cvPointPolygonTest$3 10052e84 f   cv210:cvgeometry.obj
 0001:00051e8f       __unwindfunclet$_cvPointPolygonTest$4 10052e8f f   cv210:cvgeometry.obj
 0001:00051e9b       __unwindfunclet$_cvPointPolygonTest$5 10052e9b f   cv210:cvgeometry.obj
 0001:00051ea7       __unwindfunclet$_cvPointPolygonTest$6 10052ea7 f   cv210:cvgeometry.obj
 0001:00051eb3       __unwindfunclet$_cvPointPolygonTest$7 10052eb3 f   cv210:cvgeometry.obj
 0001:00051ebe       __ehhandler$_cvPointPolygonTest 10052ebe f   cv210:cvgeometry.obj
 0001:00051ee0       __unwindfunclet$_cvPointSeqFromMat$0 10052ee0 f   cv210:cvutils.obj
 0001:00051ee0       __unwindfunclet$_cvInitMatHeader$0 10052ee0 f   cv210:cvutils.obj
 0001:00051eec       __unwindfunclet$_cvInitMatHeader$1 10052eec f   cv210:cvutils.obj
 0001:00051eec       __unwindfunclet$_cvPointSeqFromMat$1 10052eec f   cv210:cvutils.obj
 0001:00051ef8       __unwindfunclet$_cvInitMatHeader$2 10052ef8 f   cv210:cvutils.obj
 0001:00051ef8       __unwindfunclet$_cvPointSeqFromMat$2 10052ef8 f   cv210:cvutils.obj
 0001:00051f04       __unwindfunclet$_cvInitMatHeader$3 10052f04 f   cv210:cvutils.obj
 0001:00051f04       __unwindfunclet$_cvPointSeqFromMat$3 10052f04 f   cv210:cvutils.obj
 0001:00051f0f       __unwindfunclet$_cvInitMatHeader$4 10052f0f f   cv210:cvutils.obj
 0001:00051f0f       __unwindfunclet$_cvPointSeqFromMat$4 10052f0f f   cv210:cvutils.obj
 0001:00051f1b       __unwindfunclet$_cvPointSeqFromMat$5 10052f1b f   cv210:cvutils.obj
 0001:00051f1b       __unwindfunclet$_cvInitMatHeader$5 10052f1b f   cv210:cvutils.obj
 0001:00051f27       __unwindfunclet$_cvInitMatHeader$6 10052f27 f   cv210:cvutils.obj
 0001:00051f27       __unwindfunclet$_cvPointSeqFromMat$6 10052f27 f   cv210:cvutils.obj
 0001:00051f33       __unwindfunclet$_cvPointSeqFromMat$7 10052f33 f   cv210:cvutils.obj
 0001:00051f33       __unwindfunclet$_cvInitMatHeader$7 10052f33 f   cv210:cvutils.obj
 0001:00051f3e       __unwindfunclet$_cvPointSeqFromMat$8 10052f3e f   cv210:cvutils.obj
 0001:00051f3e       __unwindfunclet$_cvInitMatHeader$8 10052f3e f   cv210:cvutils.obj
 0001:00051f4a       __unwindfunclet$_cvInitMatHeader$9 10052f4a f   cv210:cvutils.obj
 0001:00051f4a       __unwindfunclet$_cvPointSeqFromMat$9 10052f4a f   cv210:cvutils.obj
 0001:00051f56       __unwindfunclet$_cvPointSeqFromMat$10 10052f56 f   cv210:cvutils.obj
 0001:00051f56       __unwindfunclet$_cvInitMatHeader$10 10052f56 f   cv210:cvutils.obj
 0001:00051f62       __unwindfunclet$_cvPointSeqFromMat$11 10052f62 f   cv210:cvutils.obj
 0001:00051f62       __unwindfunclet$_cvInitMatHeader$11 10052f62 f   cv210:cvutils.obj
 0001:00051f6d       __unwindfunclet$_cvInitMatHeader$12 10052f6d f   cv210:cvutils.obj
 0001:00051f6d       __unwindfunclet$_cvPointSeqFromMat$12 10052f6d f   cv210:cvutils.obj
 0001:00051f79       __unwindfunclet$_cvInitMatHeader$13 10052f79 f   cv210:cvutils.obj
 0001:00051f79       __unwindfunclet$_cvPointSeqFromMat$13 10052f79 f   cv210:cvutils.obj
 0001:00051f85       __unwindfunclet$_cvPointSeqFromMat$14 10052f85 f   cv210:cvutils.obj
 0001:00051f85       __unwindfunclet$_cvInitMatHeader$14 10052f85 f   cv210:cvutils.obj
 0001:00051f91       __unwindfunclet$_cvInitMatHeader$15 10052f91 f   cv210:cvutils.obj
 0001:00051f91       __unwindfunclet$_cvPointSeqFromMat$15 10052f91 f   cv210:cvutils.obj
 0001:00051f9c       __ehhandler$_cvInitMatHeader 10052f9c f   cv210:cvutils.obj
 0001:00051f9c       __ehhandler$_cvPointSeqFromMat 10052f9c f   cv210:cvutils.obj
 0001:00051fc0       __unwindfunclet$_cvSeqPopMulti$0 10052fc0 f   cv210:cvcontours.obj
 0001:00051fc0       __unwindfunclet$_cvStartReadChainPoints$0 10052fc0 f   cv210:cvcontours.obj
 0001:00051fcc       __unwindfunclet$_cvSeqPopMulti$1 10052fcc f   cv210:cvcontours.obj
 0001:00051fcc       __unwindfunclet$_cvStartReadChainPoints$1 10052fcc f   cv210:cvcontours.obj
 0001:00051fd8       __unwindfunclet$_cvSeqPopMulti$2 10052fd8 f   cv210:cvcontours.obj
 0001:00051fd8       __unwindfunclet$_cvStartReadChainPoints$2 10052fd8 f   cv210:cvcontours.obj
 0001:00051fe4       __unwindfunclet$_cvStartReadChainPoints$3 10052fe4 f   cv210:cvcontours.obj
 0001:00051fe4       __unwindfunclet$_cvSeqPopMulti$3 10052fe4 f   cv210:cvcontours.obj
 0001:00051fef       __unwindfunclet$_cvSeqPopMulti$4 10052fef f   cv210:cvcontours.obj
 0001:00051fef       __unwindfunclet$_cvStartReadChainPoints$4 10052fef f   cv210:cvcontours.obj
 0001:00051ffb       __unwindfunclet$_cvStartReadChainPoints$5 10052ffb f   cv210:cvcontours.obj
 0001:00051ffb       __unwindfunclet$_cvSeqPopMulti$5 10052ffb f   cv210:cvcontours.obj
 0001:00052007       __unwindfunclet$_cvStartReadChainPoints$6 10053007 f   cv210:cvcontours.obj
 0001:00052007       __unwindfunclet$_cvSeqPopMulti$6 10053007 f   cv210:cvcontours.obj
 0001:00052013       __unwindfunclet$_cvSeqPopMulti$7 10053013 f   cv210:cvcontours.obj
 0001:00052013       __unwindfunclet$_cvStartReadChainPoints$7 10053013 f   cv210:cvcontours.obj
 0001:0005201e       __ehhandler$_cvSeqPopMulti 1005301e f   cv210:cvcontours.obj
 0001:0005201e       __ehhandler$_cvStartReadChainPoints 1005301e f   cv210:cvcontours.obj
 0001:00052040       ??__E?ptOrig00@sub_image@@0UPoint_struct@@B@@YAXXZ 10053040 f   sub_image.obj
 0001:00052060       ??__EfeaturesEnabled@cv@@YAXXZ 10053060 f   cxcore210:cxsystem.obj
 0001:00052070       ??__Ecxcore_module@@YAXXZ  10053070 f   cxcore210:cxsystem.obj
 0001:000520a0       ??__Fcxcore_module@@YAXXZ  100530a0 f   cxcore210:cxsystem.obj
